Archive member included because of file (symbol)

d:/diploma/imt_sdk_win_64/imt_sdk_win_64/winavr/bin/../lib/gcc/avr/4.3.3/avr5\libgcc.a(_udivmodhi4.o)
                              ./HAL/LCD/LCD_Program.o (__udivmodhi4)
d:/diploma/imt_sdk_win_64/imt_sdk_win_64/winavr/bin/../lib/gcc/avr/4.3.3/avr5\libgcc.a(_exit.o)
                              d:/diploma/imt_sdk_win_64/imt_sdk_win_64/winavr/bin/../lib/gcc/avr/4.3.3/../../../../avr/lib/avr5/crtm32.o (exit)
d:/diploma/imt_sdk_win_64/imt_sdk_win_64/winavr/bin/../lib/gcc/avr/4.3.3/avr5\libgcc.a(_copy_data.o)
                              ./Src/main.o (__do_copy_data)
d:/diploma/imt_sdk_win_64/imt_sdk_win_64/winavr/bin/../lib/gcc/avr/4.3.3/avr5\libgcc.a(_clear_bss.o)
                              ./Src/main.o (__do_clear_bss)
d:/diploma/imt_sdk_win_64/imt_sdk_win_64/winavr/bin/../lib/gcc/avr/4.3.3/avr5\libgcc.a(_fixunssfsi.o)
                              ./HAL/LCD/LCD_Program.o (__fixunssfsi)
d:/diploma/imt_sdk_win_64/imt_sdk_win_64/winavr/bin/../lib/gcc/avr/4.3.3/avr5\libgcc.a(_addsub_sf.o)
                              d:/diploma/imt_sdk_win_64/imt_sdk_win_64/winavr/bin/../lib/gcc/avr/4.3.3/avr5\libgcc.a(_fixunssfsi.o) (__subsf3)
d:/diploma/imt_sdk_win_64/imt_sdk_win_64/winavr/bin/../lib/gcc/avr/4.3.3/avr5\libgcc.a(_mul_sf.o)
                              ./HAL/LCD/LCD_Program.o (__mulsf3)
d:/diploma/imt_sdk_win_64/imt_sdk_win_64/winavr/bin/../lib/gcc/avr/4.3.3/avr5\libgcc.a(_gt_sf.o)
                              ./HAL/LCD/LCD_Program.o (__gtsf2)
d:/diploma/imt_sdk_win_64/imt_sdk_win_64/winavr/bin/../lib/gcc/avr/4.3.3/avr5\libgcc.a(_ge_sf.o)
                              d:/diploma/imt_sdk_win_64/imt_sdk_win_64/winavr/bin/../lib/gcc/avr/4.3.3/avr5\libgcc.a(_fixunssfsi.o) (__gesf2)
d:/diploma/imt_sdk_win_64/imt_sdk_win_64/winavr/bin/../lib/gcc/avr/4.3.3/avr5\libgcc.a(_lt_sf.o)
                              ./HAL/LCD/LCD_Program.o (__ltsf2)
d:/diploma/imt_sdk_win_64/imt_sdk_win_64/winavr/bin/../lib/gcc/avr/4.3.3/avr5\libgcc.a(_sf_to_si.o)
                              d:/diploma/imt_sdk_win_64/imt_sdk_win_64/winavr/bin/../lib/gcc/avr/4.3.3/avr5\libgcc.a(_fixunssfsi.o) (__fixsfsi)
d:/diploma/imt_sdk_win_64/imt_sdk_win_64/winavr/bin/../lib/gcc/avr/4.3.3/avr5\libgcc.a(_thenan_sf.o)
                              d:/diploma/imt_sdk_win_64/imt_sdk_win_64/winavr/bin/../lib/gcc/avr/4.3.3/avr5\libgcc.a(_addsub_sf.o) (__thenan_sf)
d:/diploma/imt_sdk_win_64/imt_sdk_win_64/winavr/bin/../lib/gcc/avr/4.3.3/avr5\libgcc.a(_prologue.o)
                              d:/diploma/imt_sdk_win_64/imt_sdk_win_64/winavr/bin/../lib/gcc/avr/4.3.3/avr5\libgcc.a(_addsub_sf.o) (__prologue_saves__)
d:/diploma/imt_sdk_win_64/imt_sdk_win_64/winavr/bin/../lib/gcc/avr/4.3.3/avr5\libgcc.a(_epilogue.o)
                              d:/diploma/imt_sdk_win_64/imt_sdk_win_64/winavr/bin/../lib/gcc/avr/4.3.3/avr5\libgcc.a(_addsub_sf.o) (__epilogue_restores__)
d:/diploma/imt_sdk_win_64/imt_sdk_win_64/winavr/bin/../lib/gcc/avr/4.3.3/avr5\libgcc.a(_pack_sf.o)
                              d:/diploma/imt_sdk_win_64/imt_sdk_win_64/winavr/bin/../lib/gcc/avr/4.3.3/avr5\libgcc.a(_addsub_sf.o) (__pack_f)
d:/diploma/imt_sdk_win_64/imt_sdk_win_64/winavr/bin/../lib/gcc/avr/4.3.3/avr5\libgcc.a(_unpack_sf.o)
                              d:/diploma/imt_sdk_win_64/imt_sdk_win_64/winavr/bin/../lib/gcc/avr/4.3.3/avr5\libgcc.a(_addsub_sf.o) (__unpack_f)
d:/diploma/imt_sdk_win_64/imt_sdk_win_64/winavr/bin/../lib/gcc/avr/4.3.3/avr5\libgcc.a(_fpcmp_parts_sf.o)
                              d:/diploma/imt_sdk_win_64/imt_sdk_win_64/winavr/bin/../lib/gcc/avr/4.3.3/avr5\libgcc.a(_gt_sf.o) (__fpcmp_parts_f)
d:/diploma/imt_sdk_win_64/imt_sdk_win_64/winavr/bin/../lib/gcc/avr/4.3.3/../../../../avr/lib/avr5\libc.a(memcpy.o)
                              ./OS/FreeRTOS/queue.o (memcpy)

Allocating common symbols
Common symbol       size              file

xSemaphore          0x2               ./Src/main.o

Memory Configuration

Name             Origin             Length             Attributes
text             0x00000000         0x00020000         xr
data             0x00800060         0x0000ffa0         rw !x
eeprom           0x00810000         0x00010000         rw !x
fuse             0x00820000         0x00000400         rw !x
lock             0x00830000         0x00000400         rw !x
signature        0x00840000         0x00000400         rw !x
*default*        0x00000000         0xffffffff

Linker script and memory map

LOAD d:/diploma/imt_sdk_win_64/imt_sdk_win_64/winavr/bin/../lib/gcc/avr/4.3.3/../../../../avr/lib/avr5/crtm32.o
LOAD ./Src/main.o
LOAD ./OS/FreeRTOS/croutine.o
LOAD ./OS/FreeRTOS/event_groups.o
LOAD ./OS/FreeRTOS/heap_1.o
LOAD ./OS/FreeRTOS/list.o
LOAD ./OS/FreeRTOS/port.o
LOAD ./OS/FreeRTOS/queue.o
LOAD ./OS/FreeRTOS/tasks.o
LOAD ./OS/FreeRTOS/timers.o
LOAD ./MCAL/DIO/DIO_Program.o
LOAD ./HAL/LCD/LCD_Program.o
LOAD d:/diploma/imt_sdk_win_64/imt_sdk_win_64/winavr/bin/../lib/gcc/avr/4.3.3/avr5\libgcc.a
LOAD d:/diploma/imt_sdk_win_64/imt_sdk_win_64/winavr/bin/../lib/gcc/avr/4.3.3/../../../../avr/lib/avr5\libc.a
LOAD d:/diploma/imt_sdk_win_64/imt_sdk_win_64/winavr/bin/../lib/gcc/avr/4.3.3/avr5\libgcc.a

.hash
 *(.hash)

.dynsym
 *(.dynsym)

.dynstr
 *(.dynstr)

.gnu.version
 *(.gnu.version)

.gnu.version_d
 *(.gnu.version_d)

.gnu.version_r
 *(.gnu.version_r)

.rel.init
 *(.rel.init)

.rela.init
 *(.rela.init)

.rel.text
 *(.rel.text)
 *(.rel.text.*)
 *(.rel.gnu.linkonce.t*)

.rela.text
 *(.rela.text)
 *(.rela.text.*)
 *(.rela.gnu.linkonce.t*)

.rel.fini
 *(.rel.fini)

.rela.fini
 *(.rela.fini)

.rel.rodata
 *(.rel.rodata)
 *(.rel.rodata.*)
 *(.rel.gnu.linkonce.r*)

.rela.rodata
 *(.rela.rodata)
 *(.rela.rodata.*)
 *(.rela.gnu.linkonce.r*)

.rel.data
 *(.rel.data)
 *(.rel.data.*)
 *(.rel.gnu.linkonce.d*)

.rela.data
 *(.rela.data)
 *(.rela.data.*)
 *(.rela.gnu.linkonce.d*)

.rel.ctors
 *(.rel.ctors)

.rela.ctors
 *(.rela.ctors)

.rel.dtors
 *(.rel.dtors)

.rela.dtors
 *(.rela.dtors)

.rel.got
 *(.rel.got)

.rela.got
 *(.rela.got)

.rel.bss
 *(.rel.bss)

.rela.bss
 *(.rela.bss)

.rel.plt
 *(.rel.plt)

.rela.plt
 *(.rela.plt)

.text           0x00000000     0x5c12
 *(.vectors)
 .vectors       0x00000000       0x54 d:/diploma/imt_sdk_win_64/imt_sdk_win_64/winavr/bin/../lib/gcc/avr/4.3.3/../../../../avr/lib/avr5/crtm32.o
                0x00000000                __vectors
                0x00000000                __vector_default
 *(.vectors)
 *(.progmem.gcc*)
 *(.progmem*)
                0x00000054                . = ALIGN (0x2)
                0x00000054                __trampolines_start = .
 *(.trampolines)
 .trampolines   0x00000054        0x0 linker stubs
 *(.trampolines*)
                0x00000054                __trampolines_end = .
 *(.jumptables)
 *(.jumptables*)
 *(.lowtext)
 *(.lowtext*)
                0x00000054                __ctors_start = .
 *(.ctors)
                0x00000054                __ctors_end = .
                0x00000054                __dtors_start = .
 *(.dtors)
                0x00000054                __dtors_end = .
 SORT(*)(.ctors)
 SORT(*)(.dtors)
 *(.init0)
 .init0         0x00000054        0x0 d:/diploma/imt_sdk_win_64/imt_sdk_win_64/winavr/bin/../lib/gcc/avr/4.3.3/../../../../avr/lib/avr5/crtm32.o
                0x00000054                __init
 *(.init0)
 *(.init1)
 *(.init1)
 *(.init2)
 .init2         0x00000054        0xc d:/diploma/imt_sdk_win_64/imt_sdk_win_64/winavr/bin/../lib/gcc/avr/4.3.3/../../../../avr/lib/avr5/crtm32.o
 *(.init2)
 *(.init3)
 *(.init3)
 *(.init4)
 .init4         0x00000060       0x16 d:/diploma/imt_sdk_win_64/imt_sdk_win_64/winavr/bin/../lib/gcc/avr/4.3.3/avr5\libgcc.a(_copy_data.o)
                0x00000060                __do_copy_data
 .init4         0x00000076       0x10 d:/diploma/imt_sdk_win_64/imt_sdk_win_64/winavr/bin/../lib/gcc/avr/4.3.3/avr5\libgcc.a(_clear_bss.o)
                0x00000076                __do_clear_bss
 *(.init4)
 *(.init5)
 *(.init5)
 *(.init6)
 *(.init6)
 *(.init7)
 *(.init7)
 *(.init8)
 *(.init8)
 *(.init9)
 .init9         0x00000086        0x8 d:/diploma/imt_sdk_win_64/imt_sdk_win_64/winavr/bin/../lib/gcc/avr/4.3.3/../../../../avr/lib/avr5/crtm32.o
 *(.init9)
 *(.text)
 .text          0x0000008e        0x4 d:/diploma/imt_sdk_win_64/imt_sdk_win_64/winavr/bin/../lib/gcc/avr/4.3.3/../../../../avr/lib/avr5/crtm32.o
                0x0000008e                __vector_1
                0x0000008e                __vector_12
                0x0000008e                __bad_interrupt
                0x0000008e                __vector_6
                0x0000008e                __vector_3
                0x0000008e                __vector_11
                0x0000008e                __vector_13
                0x0000008e                __vector_17
                0x0000008e                __vector_19
                0x0000008e                __vector_5
                0x0000008e                __vector_4
                0x0000008e                __vector_9
                0x0000008e                __vector_2
                0x0000008e                __vector_15
                0x0000008e                __vector_8
                0x0000008e                __vector_14
                0x0000008e                __vector_10
                0x0000008e                __vector_16
                0x0000008e                __vector_18
                0x0000008e                __vector_20
 .text          0x00000092        0x0 ./Src/main.o
 .text          0x00000092        0x0 ./OS/FreeRTOS/croutine.o
 .text          0x00000092        0x0 ./OS/FreeRTOS/event_groups.o
 .text          0x00000092        0x0 ./OS/FreeRTOS/heap_1.o
 .text          0x00000092        0x0 ./OS/FreeRTOS/list.o
 .text          0x00000092        0x0 ./OS/FreeRTOS/port.o
 .text          0x00000092        0x0 ./OS/FreeRTOS/queue.o
 .text          0x00000092        0x0 ./OS/FreeRTOS/tasks.o
 .text          0x00000092        0x0 ./OS/FreeRTOS/timers.o
 .text          0x00000092        0x0 ./MCAL/DIO/DIO_Program.o
 .text          0x00000092        0x0 ./HAL/LCD/LCD_Program.o
 .text          0x00000092        0x0 d:/diploma/imt_sdk_win_64/imt_sdk_win_64/winavr/bin/../lib/gcc/avr/4.3.3/avr5\libgcc.a(_udivmodhi4.o)
 .text          0x00000092        0x0 d:/diploma/imt_sdk_win_64/imt_sdk_win_64/winavr/bin/../lib/gcc/avr/4.3.3/avr5\libgcc.a(_exit.o)
 .text          0x00000092        0x0 d:/diploma/imt_sdk_win_64/imt_sdk_win_64/winavr/bin/../lib/gcc/avr/4.3.3/avr5\libgcc.a(_copy_data.o)
 .text          0x00000092        0x0 d:/diploma/imt_sdk_win_64/imt_sdk_win_64/winavr/bin/../lib/gcc/avr/4.3.3/avr5\libgcc.a(_clear_bss.o)
 .text          0x00000092       0x58 d:/diploma/imt_sdk_win_64/imt_sdk_win_64/winavr/bin/../lib/gcc/avr/4.3.3/avr5\libgcc.a(_fixunssfsi.o)
                0x00000092                __fixunssfsi
 .text          0x000000ea      0x354 d:/diploma/imt_sdk_win_64/imt_sdk_win_64/winavr/bin/../lib/gcc/avr/4.3.3/avr5\libgcc.a(_addsub_sf.o)
                0x00000382                __subsf3
                0x000003e4                __addsf3
 .text          0x0000043e      0x1f4 d:/diploma/imt_sdk_win_64/imt_sdk_win_64/winavr/bin/../lib/gcc/avr/4.3.3/avr5\libgcc.a(_mul_sf.o)
                0x0000043e                __mulsf3
 .text          0x00000632       0x60 d:/diploma/imt_sdk_win_64/imt_sdk_win_64/winavr/bin/../lib/gcc/avr/4.3.3/avr5\libgcc.a(_gt_sf.o)
                0x00000632                __gtsf2
 .text          0x00000692       0x60 d:/diploma/imt_sdk_win_64/imt_sdk_win_64/winavr/bin/../lib/gcc/avr/4.3.3/avr5\libgcc.a(_ge_sf.o)
                0x00000692                __gesf2
 .text          0x000006f2       0x60 d:/diploma/imt_sdk_win_64/imt_sdk_win_64/winavr/bin/../lib/gcc/avr/4.3.3/avr5\libgcc.a(_lt_sf.o)
                0x000006f2                __ltsf2
 .text          0x00000752       0xa8 d:/diploma/imt_sdk_win_64/imt_sdk_win_64/winavr/bin/../lib/gcc/avr/4.3.3/avr5\libgcc.a(_sf_to_si.o)
                0x00000752                __fixsfsi
 .text          0x000007fa        0x0 d:/diploma/imt_sdk_win_64/imt_sdk_win_64/winavr/bin/../lib/gcc/avr/4.3.3/avr5\libgcc.a(_thenan_sf.o)
 .text          0x000007fa        0x0 d:/diploma/imt_sdk_win_64/imt_sdk_win_64/winavr/bin/../lib/gcc/avr/4.3.3/avr5\libgcc.a(_prologue.o)
 .text          0x000007fa        0x0 d:/diploma/imt_sdk_win_64/imt_sdk_win_64/winavr/bin/../lib/gcc/avr/4.3.3/avr5\libgcc.a(_epilogue.o)
 .text          0x000007fa      0x1aa d:/diploma/imt_sdk_win_64/imt_sdk_win_64/winavr/bin/../lib/gcc/avr/4.3.3/avr5\libgcc.a(_pack_sf.o)
                0x000007fa                __pack_f
 .text          0x000009a4       0xf0 d:/diploma/imt_sdk_win_64/imt_sdk_win_64/winavr/bin/../lib/gcc/avr/4.3.3/avr5\libgcc.a(_unpack_sf.o)
                0x000009a4                __unpack_f
 .text          0x00000a94       0xb2 d:/diploma/imt_sdk_win_64/imt_sdk_win_64/winavr/bin/../lib/gcc/avr/4.3.3/avr5\libgcc.a(_fpcmp_parts_sf.o)
                0x00000a94                __fpcmp_parts_f
 .text          0x00000b46        0x0 d:/diploma/imt_sdk_win_64/imt_sdk_win_64/winavr/bin/../lib/gcc/avr/4.3.3/../../../../avr/lib/avr5\libc.a(memcpy.o)
                0x00000b46                . = ALIGN (0x2)
 *(.text.*)
 .text.Task1    0x00000b46       0x3e ./Src/main.o
                0x00000b46                Task1
 .text.Task2    0x00000b84       0x3e ./Src/main.o
                0x00000b84                Task2
 .text.Task3    0x00000bc2       0x32 ./Src/main.o
                0x00000bc2                Task3
 .text.Task4    0x00000bf4       0x32 ./Src/main.o
                0x00000bf4                Task4
 .text.Task5    0x00000c26       0x4a ./Src/main.o
                0x00000c26                Task5
 .text.Task6    0x00000c70       0x4a ./Src/main.o
                0x00000c70                Task6
 .text.main     0x00000cba       0x98 ./Src/main.o
                0x00000cba                main
 .text.xEventGroupCreate
                0x00000d52       0x3e ./OS/FreeRTOS/event_groups.o
                0x00000d52                xEventGroupCreate
 .text.xEventGroupSync
                0x00000d90      0x172 ./OS/FreeRTOS/event_groups.o
                0x00000d90                xEventGroupSync
 .text.xEventGroupWaitBits
                0x00000f02      0x18c ./OS/FreeRTOS/event_groups.o
                0x00000f02                xEventGroupWaitBits
 .text.xEventGroupClearBits
                0x0000108e       0x6c ./OS/FreeRTOS/event_groups.o
                0x0000108e                xEventGroupClearBits
 .text.xEventGroupGetBitsFromISR
                0x000010fa       0x44 ./OS/FreeRTOS/event_groups.o
                0x000010fa                xEventGroupGetBitsFromISR
 .text.xEventGroupSetBits
                0x0000113e      0x164 ./OS/FreeRTOS/event_groups.o
                0x0000113e                xEventGroupSetBits
 .text.vEventGroupDelete
                0x000012a2       0x62 ./OS/FreeRTOS/event_groups.o
                0x000012a2                vEventGroupDelete
 .text.vEventGroupSetBitsCallback
                0x00001304       0x3a ./OS/FreeRTOS/event_groups.o
                0x00001304                vEventGroupSetBitsCallback
 .text.vEventGroupClearBitsCallback
                0x0000133e       0x3a ./OS/FreeRTOS/event_groups.o
                0x0000133e                vEventGroupClearBitsCallback
 .text.prvTestWaitCondition
                0x00001378       0x64 ./OS/FreeRTOS/event_groups.o
 .text.pvPortMalloc
                0x000013dc       0xac ./OS/FreeRTOS/heap_1.o
                0x000013dc                pvPortMalloc
 .text.vPortFree
                0x00001488       0x18 ./OS/FreeRTOS/heap_1.o
                0x00001488                vPortFree
 .text.vPortInitialiseBlocks
                0x000014a0       0x16 ./OS/FreeRTOS/heap_1.o
                0x000014a0                vPortInitialiseBlocks
 .text.xPortGetFreeHeapSize
                0x000014b6       0x1e ./OS/FreeRTOS/heap_1.o
                0x000014b6                xPortGetFreeHeapSize
 .text.vListInitialise
                0x000014d4       0x54 ./OS/FreeRTOS/list.o
                0x000014d4                vListInitialise
 .text.vListInitialiseItem
                0x00001528       0x20 ./OS/FreeRTOS/list.o
                0x00001528                vListInitialiseItem
 .text.vListInsertEnd
                0x00001548       0x88 ./OS/FreeRTOS/list.o
                0x00001548                vListInsertEnd
 .text.vListInsert
                0x000015d0       0xd8 ./OS/FreeRTOS/list.o
                0x000015d0                vListInsert
 .text.uxListRemove
                0x000016a8       0x98 ./OS/FreeRTOS/list.o
                0x000016a8                uxListRemove
 .text.pxPortInitialiseStack
                0x00001740      0x306 ./OS/FreeRTOS/port.o
                0x00001740                pxPortInitialiseStack
 .text.xPortStartScheduler
                0x00001a46       0x6a ./OS/FreeRTOS/port.o
                0x00001a46                xPortStartScheduler
 .text.vPortEndScheduler
                0x00001ab0        0xe ./OS/FreeRTOS/port.o
                0x00001ab0                vPortEndScheduler
 .text.vPortYield
                0x00001abe       0xb2 ./OS/FreeRTOS/port.o
                0x00001abe                vPortYield
 .text.vPortYieldFromTick
                0x00001b70       0xba ./OS/FreeRTOS/port.o
                0x00001b70                vPortYieldFromTick
 .text.prvSetupTimerInterrupt
                0x00001c2a       0xb8 ./OS/FreeRTOS/port.o
 .text.__vector_7
                0x00001ce2        0x6 ./OS/FreeRTOS/port.o
                0x00001ce2                __vector_7
 .text.xQueueGenericReset
                0x00001ce8      0x10c ./OS/FreeRTOS/queue.o
                0x00001ce8                xQueueGenericReset
 .text.xQueueGenericCreate
                0x00001df4       0x96 ./OS/FreeRTOS/queue.o
                0x00001df4                xQueueGenericCreate
 .text.prvInitialiseNewQueue
                0x00001e8a       0x76 ./OS/FreeRTOS/queue.o
 .text.xQueueGenericSend
                0x00001f00      0x158 ./OS/FreeRTOS/queue.o
                0x00001f00                xQueueGenericSend
 .text.xQueueGenericSendFromISR
                0x00002058       0xb8 ./OS/FreeRTOS/queue.o
                0x00002058                xQueueGenericSendFromISR
 .text.xQueueGiveFromISR
                0x00002110       0xa2 ./OS/FreeRTOS/queue.o
                0x00002110                xQueueGiveFromISR
 .text.xQueueReceive
                0x000021b2      0x156 ./OS/FreeRTOS/queue.o
                0x000021b2                xQueueReceive
 .text.xQueueSemaphoreTake
                0x00002308      0x144 ./OS/FreeRTOS/queue.o
                0x00002308                xQueueSemaphoreTake
 .text.xQueuePeek
                0x0000244c      0x164 ./OS/FreeRTOS/queue.o
                0x0000244c                xQueuePeek
 .text.xQueueReceiveFromISR
                0x000025b0       0xae ./OS/FreeRTOS/queue.o
                0x000025b0                xQueueReceiveFromISR
 .text.xQueuePeekFromISR
                0x0000265e       0x72 ./OS/FreeRTOS/queue.o
                0x0000265e                xQueuePeekFromISR
 .text.uxQueueMessagesWaiting
                0x000026d0       0x30 ./OS/FreeRTOS/queue.o
                0x000026d0                uxQueueMessagesWaiting
 .text.uxQueueSpacesAvailable
                0x00002700       0x4a ./OS/FreeRTOS/queue.o
                0x00002700                uxQueueSpacesAvailable
 .text.uxQueueMessagesWaitingFromISR
                0x0000274a       0x34 ./OS/FreeRTOS/queue.o
                0x0000274a                uxQueueMessagesWaitingFromISR
 .text.vQueueDelete
                0x0000277e       0x2e ./OS/FreeRTOS/queue.o
                0x0000277e                vQueueDelete
 .text.prvCopyDataToQueue
                0x000027ac      0x14c ./OS/FreeRTOS/queue.o
 .text.prvCopyDataFromQueue
                0x000028f8       0x8e ./OS/FreeRTOS/queue.o
 .text.prvUnlockQueue
                0x00002986       0xa6 ./OS/FreeRTOS/queue.o
 .text.prvIsQueueEmpty
                0x00002a2c       0x3a ./OS/FreeRTOS/queue.o
 .text.xQueueIsQueueEmptyFromISR
                0x00002a66       0x3e ./OS/FreeRTOS/queue.o
                0x00002a66                xQueueIsQueueEmptyFromISR
 .text.prvIsQueueFull
                0x00002aa4       0x40 ./OS/FreeRTOS/queue.o
 .text.xQueueIsQueueFullFromISR
                0x00002ae4       0x44 ./OS/FreeRTOS/queue.o
                0x00002ae4                xQueueIsQueueFullFromISR
 .text.xTaskCreate
                0x00002b28       0xf0 ./OS/FreeRTOS/tasks.o
                0x00002b28                xTaskCreate
 .text.prvInitialiseNewTask
                0x00002c18      0x178 ./OS/FreeRTOS/tasks.o
 .text.prvAddNewTaskToReadyList
                0x00002d90       0xf0 ./OS/FreeRTOS/tasks.o
 .text.vTaskDelete
                0x00002e80       0xe4 ./OS/FreeRTOS/tasks.o
                0x00002e80                vTaskDelete
 .text.vTaskDelayUntil
                0x00002f64       0xe4 ./OS/FreeRTOS/tasks.o
                0x00002f64                vTaskDelayUntil
 .text.vTaskDelay
                0x00003048       0x44 ./OS/FreeRTOS/tasks.o
                0x00003048                vTaskDelay
 .text.uxTaskPriorityGet
                0x0000308c       0x64 ./OS/FreeRTOS/tasks.o
                0x0000308c                uxTaskPriorityGet
 .text.uxTaskPriorityGetFromISR
                0x000030f0       0x5c ./OS/FreeRTOS/tasks.o
                0x000030f0                uxTaskPriorityGetFromISR
 .text.vTaskPrioritySet
                0x0000314c      0x17c ./OS/FreeRTOS/tasks.o
                0x0000314c                vTaskPrioritySet
 .text.vTaskSuspend
                0x000032c8       0xe8 ./OS/FreeRTOS/tasks.o
                0x000032c8                vTaskSuspend
 .text.prvTaskIsTaskSuspended
                0x000033b0       0x5e ./OS/FreeRTOS/tasks.o
 .text.vTaskResume
                0x0000340e       0xc8 ./OS/FreeRTOS/tasks.o
                0x0000340e                vTaskResume
 .text.xTaskResumeFromISR
                0x000034d6       0xcc ./OS/FreeRTOS/tasks.o
                0x000034d6                xTaskResumeFromISR
 .text.vTaskStartScheduler
                0x000035a2       0x64 ./OS/FreeRTOS/tasks.o
                0x000035a2                vTaskStartScheduler
 .text.vTaskEndScheduler
                0x00003606       0x18 ./OS/FreeRTOS/tasks.o
                0x00003606                vTaskEndScheduler
 .text.vTaskSuspendAll
                0x0000361e       0x18 ./OS/FreeRTOS/tasks.o
                0x0000361e                vTaskSuspendAll
 .text.xTaskResumeAll
                0x00003636      0x13c ./OS/FreeRTOS/tasks.o
                0x00003636                xTaskResumeAll
 .text.xTaskGetTickCount
                0x00003772       0x2e ./OS/FreeRTOS/tasks.o
                0x00003772                xTaskGetTickCount
 .text.xTaskGetTickCountFromISR
                0x000037a0       0x2a ./OS/FreeRTOS/tasks.o
                0x000037a0                xTaskGetTickCountFromISR
 .text.uxTaskGetNumberOfTasks
                0x000037ca       0x12 ./OS/FreeRTOS/tasks.o
                0x000037ca                uxTaskGetNumberOfTasks
 .text.pcTaskGetName
                0x000037dc       0x50 ./OS/FreeRTOS/tasks.o
                0x000037dc                pcTaskGetName
 .text.xTaskCatchUpTicks
                0x0000382c       0x42 ./OS/FreeRTOS/tasks.o
                0x0000382c                xTaskCatchUpTicks
 .text.xTaskIncrementTick
                0x0000386e      0x1d2 ./OS/FreeRTOS/tasks.o
                0x0000386e                xTaskIncrementTick
 .text.vTaskSwitchContext
                0x00003a40       0xda ./OS/FreeRTOS/tasks.o
                0x00003a40                vTaskSwitchContext
 .text.vTaskPlaceOnEventList
                0x00003b1a       0x44 ./OS/FreeRTOS/tasks.o
                0x00003b1a                vTaskPlaceOnEventList
 .text.vTaskPlaceOnUnorderedEventList
                0x00003b5e       0x60 ./OS/FreeRTOS/tasks.o
                0x00003b5e                vTaskPlaceOnUnorderedEventList
 .text.xTaskRemoveFromEventList
                0x00003bbe       0xd6 ./OS/FreeRTOS/tasks.o
                0x00003bbe                xTaskRemoveFromEventList
 .text.vTaskRemoveFromUnorderedEventList
                0x00003c94       0xba ./OS/FreeRTOS/tasks.o
                0x00003c94                vTaskRemoveFromUnorderedEventList
 .text.vTaskSetTimeOutState
                0x00003d4e       0x3c ./OS/FreeRTOS/tasks.o
                0x00003d4e                vTaskSetTimeOutState
 .text.vTaskInternalSetTimeOutState
                0x00003d8a       0x32 ./OS/FreeRTOS/tasks.o
                0x00003d8a                vTaskInternalSetTimeOutState
 .text.xTaskCheckForTimeOut
                0x00003dbc       0xda ./OS/FreeRTOS/tasks.o
                0x00003dbc                xTaskCheckForTimeOut
 .text.vTaskMissedYield
                0x00003e96       0x14 ./OS/FreeRTOS/tasks.o
                0x00003e96                vTaskMissedYield
 .text.prvIdleTask
                0x00003eaa       0x14 ./OS/FreeRTOS/tasks.o
 .text.prvInitialiseTaskLists
                0x00003ebe       0x82 ./OS/FreeRTOS/tasks.o
 .text.prvCheckTasksWaitingTermination
                0x00003f40       0x5e ./OS/FreeRTOS/tasks.o
 .text.prvDeleteTCB
                0x00003f9e       0x2c ./OS/FreeRTOS/tasks.o
 .text.prvResetNextTaskUnblockTime
                0x00003fca       0x56 ./OS/FreeRTOS/tasks.o
 .text.uxTaskResetEventItemValue
                0x00004020       0x4e ./OS/FreeRTOS/tasks.o
                0x00004020                uxTaskResetEventItemValue
 .text.ulTaskNotifyTake
                0x0000406e       0xee ./OS/FreeRTOS/tasks.o
                0x0000406e                ulTaskNotifyTake
 .text.xTaskNotifyWait
                0x0000415c      0x138 ./OS/FreeRTOS/tasks.o
                0x0000415c                xTaskNotifyWait
 .text.xTaskGenericNotify
                0x00004294      0x1ba ./OS/FreeRTOS/tasks.o
                0x00004294                xTaskGenericNotify
 .text.xTaskGenericNotifyFromISR
                0x0000444e      0x1f0 ./OS/FreeRTOS/tasks.o
                0x0000444e                xTaskGenericNotifyFromISR
 .text.vTaskNotifyGiveFromISR
                0x0000463e      0x10c ./OS/FreeRTOS/tasks.o
                0x0000463e                vTaskNotifyGiveFromISR
 .text.xTaskNotifyStateClear
                0x0000474a       0x74 ./OS/FreeRTOS/tasks.o
                0x0000474a                xTaskNotifyStateClear
 .text.ulTaskNotifyValueClear
                0x000047be       0xb6 ./OS/FreeRTOS/tasks.o
                0x000047be                ulTaskNotifyValueClear
 .text.prvAddCurrentTaskToDelayedList
                0x00004874       0xf8 ./OS/FreeRTOS/tasks.o
 .text.MDIO_vSetPinDir
                0x0000496c      0x246 ./MCAL/DIO/DIO_Program.o
                0x0000496c                MDIO_vSetPinDir
 .text.MDIO_vSetPinVal
                0x00004bb2      0x246 ./MCAL/DIO/DIO_Program.o
                0x00004bb2                MDIO_vSetPinVal
 .text.MDIO_GetPinVal
                0x00004df8      0x102 ./MCAL/DIO/DIO_Program.o
                0x00004df8                MDIO_GetPinVal
 .text.MDIO_vTogglePinVal
                0x00004efa      0x10a ./MCAL/DIO/DIO_Program.o
                0x00004efa                MDIO_vTogglePinVal
 .text.MDIO_vSetPortDir
                0x00005004       0x88 ./MCAL/DIO/DIO_Program.o
                0x00005004                MDIO_vSetPortDir
 .text.MDIO_vSetPortVal
                0x0000508c       0x88 ./MCAL/DIO/DIO_Program.o
                0x0000508c                MDIO_vSetPortVal
 .text.MDIO_vInit
                0x00005114       0x44 ./MCAL/DIO/DIO_Program.o
                0x00005114                MDIO_vInit
 .text.LCD_InitPortDir
                0x00005158       0x34 ./HAL/LCD/LCD_Program.o
                0x00005158                LCD_InitPortDir
 .text.LCD_SendCommand
                0x0000518c      0x13c ./HAL/LCD/LCD_Program.o
                0x0000518c                LCD_SendCommand
 .text.LCD_SendData
                0x000052c8      0x13c ./HAL/LCD/LCD_Program.o
                0x000052c8                LCD_SendData
 .text.LCD_Init
                0x00005404      0x4e4 ./HAL/LCD/LCD_Program.o
                0x00005404                LCD_Init
 .text.LCD_SendString
                0x000058e8       0x52 ./HAL/LCD/LCD_Program.o
                0x000058e8                LCD_SendString
 .text.LCD_GoToXY
                0x0000593a       0x66 ./HAL/LCD/LCD_Program.o
                0x0000593a                LCD_GoToXY
 .text.LCD_ClearDisplay
                0x000059a0      0x110 ./HAL/LCD/LCD_Program.o
                0x000059a0                LCD_ClearDisplay
 .text.LCD_DisplayNumber
                0x00005ab0       0xb6 ./HAL/LCD/LCD_Program.o
                0x00005ab0                LCD_DisplayNumber
 .text.libgcc   0x00005b66       0x28 d:/diploma/imt_sdk_win_64/imt_sdk_win_64/winavr/bin/../lib/gcc/avr/4.3.3/avr5\libgcc.a(_udivmodhi4.o)
                0x00005b66                __udivmodhi4
 .text.libgcc   0x00005b8e        0x0 d:/diploma/imt_sdk_win_64/imt_sdk_win_64/winavr/bin/../lib/gcc/avr/4.3.3/avr5\libgcc.a(_exit.o)
 .text.libgcc   0x00005b8e        0x0 d:/diploma/imt_sdk_win_64/imt_sdk_win_64/winavr/bin/../lib/gcc/avr/4.3.3/avr5\libgcc.a(_copy_data.o)
 .text.libgcc   0x00005b8e        0x0 d:/diploma/imt_sdk_win_64/imt_sdk_win_64/winavr/bin/../lib/gcc/avr/4.3.3/avr5\libgcc.a(_clear_bss.o)
 .text.libgcc   0x00005b8e       0x38 d:/diploma/imt_sdk_win_64/imt_sdk_win_64/winavr/bin/../lib/gcc/avr/4.3.3/avr5\libgcc.a(_prologue.o)
                0x00005b8e                __prologue_saves__
 .text.libgcc   0x00005bc6       0x36 d:/diploma/imt_sdk_win_64/imt_sdk_win_64/winavr/bin/../lib/gcc/avr/4.3.3/avr5\libgcc.a(_epilogue.o)
                0x00005bc6                __epilogue_restores__
 .text.avr-libc
                0x00005bfc       0x12 d:/diploma/imt_sdk_win_64/imt_sdk_win_64/winavr/bin/../lib/gcc/avr/4.3.3/../../../../avr/lib/avr5\libc.a(memcpy.o)
                0x00005bfc                memcpy
                0x00005c0e                . = ALIGN (0x2)
 *(.fini9)
 .fini9         0x00005c0e        0x0 d:/diploma/imt_sdk_win_64/imt_sdk_win_64/winavr/bin/../lib/gcc/avr/4.3.3/avr5\libgcc.a(_exit.o)
                0x00005c0e                exit
                0x00005c0e                _exit
 *(.fini9)
 *(.fini8)
 *(.fini8)
 *(.fini7)
 *(.fini7)
 *(.fini6)
 *(.fini6)
 *(.fini5)
 *(.fini5)
 *(.fini4)
 *(.fini4)
 *(.fini3)
 *(.fini3)
 *(.fini2)
 *(.fini2)
 *(.fini1)
 *(.fini1)
 *(.fini0)
 .fini0         0x00005c0e        0x4 d:/diploma/imt_sdk_win_64/imt_sdk_win_64/winavr/bin/../lib/gcc/avr/4.3.3/avr5\libgcc.a(_exit.o)
 *(.fini0)
                0x00005c12                _etext = .

.data           0x00800060       0x2a load address 0x00005c12
                0x00800060                PROVIDE (__data_start, .)
 *(.data)
 .data          0x00800060        0x0 d:/diploma/imt_sdk_win_64/imt_sdk_win_64/winavr/bin/../lib/gcc/avr/4.3.3/../../../../avr/lib/avr5/crtm32.o
 .data          0x00800060       0x1c ./Src/main.o
 .data          0x0080007c        0x0 ./OS/FreeRTOS/croutine.o
 .data          0x0080007c        0x0 ./OS/FreeRTOS/event_groups.o
 .data          0x0080007c        0x0 ./OS/FreeRTOS/heap_1.o
 .data          0x0080007c        0x0 ./OS/FreeRTOS/list.o
 .data          0x0080007c        0x0 ./OS/FreeRTOS/port.o
 .data          0x0080007c        0x0 ./OS/FreeRTOS/queue.o
 .data          0x0080007c        0x5 ./OS/FreeRTOS/tasks.o
 .data          0x00800081        0x0 ./OS/FreeRTOS/timers.o
 .data          0x00800081        0x0 ./MCAL/DIO/DIO_Program.o
 .data          0x00800081        0x0 ./HAL/LCD/LCD_Program.o
 .data          0x00800081        0x0 d:/diploma/imt_sdk_win_64/imt_sdk_win_64/winavr/bin/../lib/gcc/avr/4.3.3/avr5\libgcc.a(_udivmodhi4.o)
 .data          0x00800081        0x0 d:/diploma/imt_sdk_win_64/imt_sdk_win_64/winavr/bin/../lib/gcc/avr/4.3.3/avr5\libgcc.a(_exit.o)
 .data          0x00800081        0x0 d:/diploma/imt_sdk_win_64/imt_sdk_win_64/winavr/bin/../lib/gcc/avr/4.3.3/avr5\libgcc.a(_copy_data.o)
 .data          0x00800081        0x0 d:/diploma/imt_sdk_win_64/imt_sdk_win_64/winavr/bin/../lib/gcc/avr/4.3.3/avr5\libgcc.a(_clear_bss.o)
 .data          0x00800081        0x0 d:/diploma/imt_sdk_win_64/imt_sdk_win_64/winavr/bin/../lib/gcc/avr/4.3.3/avr5\libgcc.a(_fixunssfsi.o)
 .data          0x00800081        0x0 d:/diploma/imt_sdk_win_64/imt_sdk_win_64/winavr/bin/../lib/gcc/avr/4.3.3/avr5\libgcc.a(_addsub_sf.o)
 .data          0x00800081        0x0 d:/diploma/imt_sdk_win_64/imt_sdk_win_64/winavr/bin/../lib/gcc/avr/4.3.3/avr5\libgcc.a(_mul_sf.o)
 .data          0x00800081        0x0 d:/diploma/imt_sdk_win_64/imt_sdk_win_64/winavr/bin/../lib/gcc/avr/4.3.3/avr5\libgcc.a(_gt_sf.o)
 .data          0x00800081        0x0 d:/diploma/imt_sdk_win_64/imt_sdk_win_64/winavr/bin/../lib/gcc/avr/4.3.3/avr5\libgcc.a(_ge_sf.o)
 .data          0x00800081        0x0 d:/diploma/imt_sdk_win_64/imt_sdk_win_64/winavr/bin/../lib/gcc/avr/4.3.3/avr5\libgcc.a(_lt_sf.o)
 .data          0x00800081        0x0 d:/diploma/imt_sdk_win_64/imt_sdk_win_64/winavr/bin/../lib/gcc/avr/4.3.3/avr5\libgcc.a(_sf_to_si.o)
 .data          0x00800081        0x8 d:/diploma/imt_sdk_win_64/imt_sdk_win_64/winavr/bin/../lib/gcc/avr/4.3.3/avr5\libgcc.a(_thenan_sf.o)
                0x00800081                __thenan_sf
 .data          0x00800089        0x0 d:/diploma/imt_sdk_win_64/imt_sdk_win_64/winavr/bin/../lib/gcc/avr/4.3.3/avr5\libgcc.a(_prologue.o)
 .data          0x00800089        0x0 d:/diploma/imt_sdk_win_64/imt_sdk_win_64/winavr/bin/../lib/gcc/avr/4.3.3/avr5\libgcc.a(_epilogue.o)
 .data          0x00800089        0x0 d:/diploma/imt_sdk_win_64/imt_sdk_win_64/winavr/bin/../lib/gcc/avr/4.3.3/avr5\libgcc.a(_pack_sf.o)
 .data          0x00800089        0x0 d:/diploma/imt_sdk_win_64/imt_sdk_win_64/winavr/bin/../lib/gcc/avr/4.3.3/avr5\libgcc.a(_unpack_sf.o)
 .data          0x00800089        0x0 d:/diploma/imt_sdk_win_64/imt_sdk_win_64/winavr/bin/../lib/gcc/avr/4.3.3/avr5\libgcc.a(_fpcmp_parts_sf.o)
 .data          0x00800089        0x0 d:/diploma/imt_sdk_win_64/imt_sdk_win_64/winavr/bin/../lib/gcc/avr/4.3.3/../../../../avr/lib/avr5\libc.a(memcpy.o)
 *(.data*)
 *(.rodata)
 *(.rodata*)
 *(.gnu.linkonce.d*)
                0x0080008a                . = ALIGN (0x2)
 *fill*         0x00800089        0x1 00
                0x0080008a                _edata = .
                0x0080008a                PROVIDE (__data_end, .)

.bss            0x0080008a      0x45f
                0x0080008a                PROVIDE (__bss_start, .)
 *(.bss)
 .bss           0x0080008a        0x0 d:/diploma/imt_sdk_win_64/imt_sdk_win_64/winavr/bin/../lib/gcc/avr/4.3.3/../../../../avr/lib/avr5/crtm32.o
 .bss           0x0080008a        0x0 ./Src/main.o
 .bss           0x0080008a        0x0 ./OS/FreeRTOS/croutine.o
 .bss           0x0080008a        0x0 ./OS/FreeRTOS/event_groups.o
 .bss           0x0080008a        0x0 ./OS/FreeRTOS/heap_1.o
 .bss           0x0080008a        0x0 ./OS/FreeRTOS/list.o
 .bss           0x0080008a        0x0 ./OS/FreeRTOS/port.o
 .bss           0x0080008a        0x0 ./OS/FreeRTOS/queue.o
 .bss           0x0080008a        0x0 ./OS/FreeRTOS/tasks.o
 .bss           0x0080008a        0x0 ./OS/FreeRTOS/timers.o
 .bss           0x0080008a        0x0 ./MCAL/DIO/DIO_Program.o
 .bss           0x0080008a        0x0 ./HAL/LCD/LCD_Program.o
 .bss           0x0080008a        0x0 d:/diploma/imt_sdk_win_64/imt_sdk_win_64/winavr/bin/../lib/gcc/avr/4.3.3/avr5\libgcc.a(_udivmodhi4.o)
 .bss           0x0080008a        0x0 d:/diploma/imt_sdk_win_64/imt_sdk_win_64/winavr/bin/../lib/gcc/avr/4.3.3/avr5\libgcc.a(_exit.o)
 .bss           0x0080008a        0x0 d:/diploma/imt_sdk_win_64/imt_sdk_win_64/winavr/bin/../lib/gcc/avr/4.3.3/avr5\libgcc.a(_copy_data.o)
 .bss           0x0080008a        0x0 d:/diploma/imt_sdk_win_64/imt_sdk_win_64/winavr/bin/../lib/gcc/avr/4.3.3/avr5\libgcc.a(_clear_bss.o)
 .bss           0x0080008a        0x0 d:/diploma/imt_sdk_win_64/imt_sdk_win_64/winavr/bin/../lib/gcc/avr/4.3.3/avr5\libgcc.a(_fixunssfsi.o)
 .bss           0x0080008a        0x0 d:/diploma/imt_sdk_win_64/imt_sdk_win_64/winavr/bin/../lib/gcc/avr/4.3.3/avr5\libgcc.a(_addsub_sf.o)
 .bss           0x0080008a        0x0 d:/diploma/imt_sdk_win_64/imt_sdk_win_64/winavr/bin/../lib/gcc/avr/4.3.3/avr5\libgcc.a(_mul_sf.o)
 .bss           0x0080008a        0x0 d:/diploma/imt_sdk_win_64/imt_sdk_win_64/winavr/bin/../lib/gcc/avr/4.3.3/avr5\libgcc.a(_gt_sf.o)
 .bss           0x0080008a        0x0 d:/diploma/imt_sdk_win_64/imt_sdk_win_64/winavr/bin/../lib/gcc/avr/4.3.3/avr5\libgcc.a(_ge_sf.o)
 .bss           0x0080008a        0x0 d:/diploma/imt_sdk_win_64/imt_sdk_win_64/winavr/bin/../lib/gcc/avr/4.3.3/avr5\libgcc.a(_lt_sf.o)
 .bss           0x0080008a        0x0 d:/diploma/imt_sdk_win_64/imt_sdk_win_64/winavr/bin/../lib/gcc/avr/4.3.3/avr5\libgcc.a(_sf_to_si.o)
 .bss           0x0080008a        0x0 d:/diploma/imt_sdk_win_64/imt_sdk_win_64/winavr/bin/../lib/gcc/avr/4.3.3/avr5\libgcc.a(_thenan_sf.o)
 .bss           0x0080008a        0x0 d:/diploma/imt_sdk_win_64/imt_sdk_win_64/winavr/bin/../lib/gcc/avr/4.3.3/avr5\libgcc.a(_prologue.o)
 .bss           0x0080008a        0x0 d:/diploma/imt_sdk_win_64/imt_sdk_win_64/winavr/bin/../lib/gcc/avr/4.3.3/avr5\libgcc.a(_epilogue.o)
 .bss           0x0080008a        0x0 d:/diploma/imt_sdk_win_64/imt_sdk_win_64/winavr/bin/../lib/gcc/avr/4.3.3/avr5\libgcc.a(_pack_sf.o)
 .bss           0x0080008a        0x0 d:/diploma/imt_sdk_win_64/imt_sdk_win_64/winavr/bin/../lib/gcc/avr/4.3.3/avr5\libgcc.a(_unpack_sf.o)
 .bss           0x0080008a        0x0 d:/diploma/imt_sdk_win_64/imt_sdk_win_64/winavr/bin/../lib/gcc/avr/4.3.3/avr5\libgcc.a(_fpcmp_parts_sf.o)
 .bss           0x0080008a        0x0 d:/diploma/imt_sdk_win_64/imt_sdk_win_64/winavr/bin/../lib/gcc/avr/4.3.3/../../../../avr/lib/avr5\libc.a(memcpy.o)
 *(.bss*)
 .bss.Global_Flag
                0x0080008a        0x1 ./Src/main.o
                0x0080008a                Global_Flag
 .bss.xNextFreeByte
                0x0080008b        0x2 ./OS/FreeRTOS/heap_1.o
 .bss.pucAlignedHeap.1661
                0x0080008d        0x2 ./OS/FreeRTOS/heap_1.o
 .bss.ucHeap    0x0080008f      0x3e8 ./OS/FreeRTOS/heap_1.o
 .bss.pxCurrentTCB
                0x00800477        0x2 ./OS/FreeRTOS/tasks.o
                0x00800477                pxCurrentTCB
 .bss.uxDeletedTasksWaitingCleanUp
                0x00800479        0x1 ./OS/FreeRTOS/tasks.o
 .bss.uxCurrentNumberOfTasks
                0x0080047a        0x1 ./OS/FreeRTOS/tasks.o
 .bss.xTickCount
                0x0080047b        0x2 ./OS/FreeRTOS/tasks.o
 .bss.uxTopReadyPriority
                0x0080047d        0x1 ./OS/FreeRTOS/tasks.o
 .bss.xSchedulerRunning
                0x0080047e        0x1 ./OS/FreeRTOS/tasks.o
 .bss.xPendedTicks
                0x0080047f        0x2 ./OS/FreeRTOS/tasks.o
 .bss.xYieldPending
                0x00800481        0x1 ./OS/FreeRTOS/tasks.o
 .bss.xNumOfOverflows
                0x00800482        0x1 ./OS/FreeRTOS/tasks.o
 .bss.uxTaskNumber
                0x00800483        0x1 ./OS/FreeRTOS/tasks.o
 .bss.xNextTaskUnblockTime
                0x00800484        0x2 ./OS/FreeRTOS/tasks.o
 .bss.xIdleTaskHandle
                0x00800486        0x2 ./OS/FreeRTOS/tasks.o
 .bss.uxSchedulerSuspended
                0x00800488        0x1 ./OS/FreeRTOS/tasks.o
 .bss.pxReadyTasksLists
                0x00800489       0x2d ./OS/FreeRTOS/tasks.o
 .bss.xDelayedTaskList1
                0x008004b6        0x9 ./OS/FreeRTOS/tasks.o
 .bss.xDelayedTaskList2
                0x008004bf        0x9 ./OS/FreeRTOS/tasks.o
 .bss.pxDelayedTaskList
                0x008004c8        0x2 ./OS/FreeRTOS/tasks.o
 .bss.pxOverflowDelayedTaskList
                0x008004ca        0x2 ./OS/FreeRTOS/tasks.o
 .bss.xPendingReadyList
                0x008004cc        0x9 ./OS/FreeRTOS/tasks.o
 .bss.xTasksWaitingTermination
                0x008004d5        0x9 ./OS/FreeRTOS/tasks.o
 .bss.xSuspendedTaskList
                0x008004de        0x9 ./OS/FreeRTOS/tasks.o
 *(COMMON)
 COMMON         0x008004e7        0x2 ./Src/main.o
                0x008004e7                xSemaphore
                0x008004e9                PROVIDE (__bss_end, .)
                0x00005c12                __data_load_start = LOADADDR (.data)
                0x00005c3c                __data_load_end = (__data_load_start + SIZEOF (.data))

.noinit         0x008004e9        0x0
                0x008004e9                PROVIDE (__noinit_start, .)
 *(.noinit*)
                0x008004e9                PROVIDE (__noinit_end, .)
                0x008004e9                _end = .
                0x008004e9                PROVIDE (__heap_start, .)

.eeprom         0x00810000        0x0
 *(.eeprom*)
                0x00810000                __eeprom_end = .

.fuse
 *(.fuse)
 *(.lfuse)
 *(.hfuse)
 *(.efuse)

.lock
 *(.lock*)

.signature
 *(.signature*)

.stab           0x00000000     0x81c0
 *(.stab)
 .stab          0x00000000      0xa98 ./Src/main.o
 .stab          0x00000a98      0x45c ./OS/FreeRTOS/croutine.o
                                0x648 (size before relaxing)
 .stab          0x00000ef4      0xdf8 ./OS/FreeRTOS/event_groups.o
                               0x1134 (size before relaxing)
 .stab          0x00001cec      0x30c ./OS/FreeRTOS/heap_1.o
                                0x7d4 (size before relaxing)
 .stab          0x00001ff8      0x474 ./OS/FreeRTOS/list.o
                                0x870 (size before relaxing)
 .stab          0x0000246c      0x840 ./OS/FreeRTOS/port.o
                                0xcfc (size before relaxing)
 .stab          0x00002cac     0x1a88 ./OS/FreeRTOS/queue.o
                               0x1f50 (size before relaxing)
 .stab          0x00004734     0x27fc ./OS/FreeRTOS/tasks.o
                               0x2cf4 (size before relaxing)
 .stab          0x00006f30      0x1a4 ./OS/FreeRTOS/timers.o
                                0x6cc (size before relaxing)
 .stab          0x000070d4      0x684 ./MCAL/DIO/DIO_Program.o
                                0x690 (size before relaxing)
 .stab          0x00007758      0xa68 ./HAL/LCD/LCD_Program.o
                                0xce4 (size before relaxing)

.stabstr        0x00000000     0x52b7
 *(.stabstr)
 .stabstr       0x00000000     0x52b7 ./Src/main.o

.stab.excl
 *(.stab.excl)

.stab.exclstr
 *(.stab.exclstr)

.stab.index
 *(.stab.index)

.stab.indexstr
 *(.stab.indexstr)

.comment
 *(.comment)

.debug
 *(.debug)

.line
 *(.line)

.debug_srcinfo
 *(.debug_srcinfo)

.debug_sfnames
 *(.debug_sfnames)

.debug_aranges  0x00000000      0x140
 *(.debug_aranges)
 .debug_aranges
                0x00000000       0x20 d:/diploma/imt_sdk_win_64/imt_sdk_win_64/winavr/bin/../lib/gcc/avr/4.3.3/avr5\libgcc.a(_fixunssfsi.o)
 .debug_aranges
                0x00000020       0x20 d:/diploma/imt_sdk_win_64/imt_sdk_win_64/winavr/bin/../lib/gcc/avr/4.3.3/avr5\libgcc.a(_addsub_sf.o)
 .debug_aranges
                0x00000040       0x20 d:/diploma/imt_sdk_win_64/imt_sdk_win_64/winavr/bin/../lib/gcc/avr/4.3.3/avr5\libgcc.a(_mul_sf.o)
 .debug_aranges
                0x00000060       0x20 d:/diploma/imt_sdk_win_64/imt_sdk_win_64/winavr/bin/../lib/gcc/avr/4.3.3/avr5\libgcc.a(_gt_sf.o)
 .debug_aranges
                0x00000080       0x20 d:/diploma/imt_sdk_win_64/imt_sdk_win_64/winavr/bin/../lib/gcc/avr/4.3.3/avr5\libgcc.a(_ge_sf.o)
 .debug_aranges
                0x000000a0       0x20 d:/diploma/imt_sdk_win_64/imt_sdk_win_64/winavr/bin/../lib/gcc/avr/4.3.3/avr5\libgcc.a(_lt_sf.o)
 .debug_aranges
                0x000000c0       0x20 d:/diploma/imt_sdk_win_64/imt_sdk_win_64/winavr/bin/../lib/gcc/avr/4.3.3/avr5\libgcc.a(_sf_to_si.o)
 .debug_aranges
                0x000000e0       0x20 d:/diploma/imt_sdk_win_64/imt_sdk_win_64/winavr/bin/../lib/gcc/avr/4.3.3/avr5\libgcc.a(_pack_sf.o)
 .debug_aranges
                0x00000100       0x20 d:/diploma/imt_sdk_win_64/imt_sdk_win_64/winavr/bin/../lib/gcc/avr/4.3.3/avr5\libgcc.a(_unpack_sf.o)
 .debug_aranges
                0x00000120       0x20 d:/diploma/imt_sdk_win_64/imt_sdk_win_64/winavr/bin/../lib/gcc/avr/4.3.3/avr5\libgcc.a(_fpcmp_parts_sf.o)

.debug_pubnames
                0x00000000      0x170
 *(.debug_pubnames)
 .debug_pubnames
                0x00000000       0x23 d:/diploma/imt_sdk_win_64/imt_sdk_win_64/winavr/bin/../lib/gcc/avr/4.3.3/avr5\libgcc.a(_fixunssfsi.o)
 .debug_pubnames
                0x00000023       0x2c d:/diploma/imt_sdk_win_64/imt_sdk_win_64/winavr/bin/../lib/gcc/avr/4.3.3/avr5\libgcc.a(_addsub_sf.o)
 .debug_pubnames
                0x0000004f       0x1f d:/diploma/imt_sdk_win_64/imt_sdk_win_64/winavr/bin/../lib/gcc/avr/4.3.3/avr5\libgcc.a(_mul_sf.o)
 .debug_pubnames
                0x0000006e       0x1e d:/diploma/imt_sdk_win_64/imt_sdk_win_64/winavr/bin/../lib/gcc/avr/4.3.3/avr5\libgcc.a(_gt_sf.o)
 .debug_pubnames
                0x0000008c       0x1e d:/diploma/imt_sdk_win_64/imt_sdk_win_64/winavr/bin/../lib/gcc/avr/4.3.3/avr5\libgcc.a(_ge_sf.o)
 .debug_pubnames
                0x000000aa       0x1e d:/diploma/imt_sdk_win_64/imt_sdk_win_64/winavr/bin/../lib/gcc/avr/4.3.3/avr5\libgcc.a(_lt_sf.o)
 .debug_pubnames
                0x000000c8       0x20 d:/diploma/imt_sdk_win_64/imt_sdk_win_64/winavr/bin/../lib/gcc/avr/4.3.3/avr5\libgcc.a(_sf_to_si.o)
 .debug_pubnames
                0x000000e8       0x22 d:/diploma/imt_sdk_win_64/imt_sdk_win_64/winavr/bin/../lib/gcc/avr/4.3.3/avr5\libgcc.a(_thenan_sf.o)
 .debug_pubnames
                0x0000010a       0x1f d:/diploma/imt_sdk_win_64/imt_sdk_win_64/winavr/bin/../lib/gcc/avr/4.3.3/avr5\libgcc.a(_pack_sf.o)
 .debug_pubnames
                0x00000129       0x21 d:/diploma/imt_sdk_win_64/imt_sdk_win_64/winavr/bin/../lib/gcc/avr/4.3.3/avr5\libgcc.a(_unpack_sf.o)
 .debug_pubnames
                0x0000014a       0x26 d:/diploma/imt_sdk_win_64/imt_sdk_win_64/winavr/bin/../lib/gcc/avr/4.3.3/avr5\libgcc.a(_fpcmp_parts_sf.o)

.debug_info     0x00000000     0x1c49
 *(.debug_info)
 .debug_info    0x00000000       0xb1 d:/diploma/imt_sdk_win_64/imt_sdk_win_64/winavr/bin/../lib/gcc/avr/4.3.3/avr5\libgcc.a(_fixunssfsi.o)
 .debug_info    0x000000b1      0x47a d:/diploma/imt_sdk_win_64/imt_sdk_win_64/winavr/bin/../lib/gcc/avr/4.3.3/avr5\libgcc.a(_addsub_sf.o)
 .debug_info    0x0000052b      0x485 d:/diploma/imt_sdk_win_64/imt_sdk_win_64/winavr/bin/../lib/gcc/avr/4.3.3/avr5\libgcc.a(_mul_sf.o)
 .debug_info    0x000009b0      0x27f d:/diploma/imt_sdk_win_64/imt_sdk_win_64/winavr/bin/../lib/gcc/avr/4.3.3/avr5\libgcc.a(_gt_sf.o)
 .debug_info    0x00000c2f      0x27f d:/diploma/imt_sdk_win_64/imt_sdk_win_64/winavr/bin/../lib/gcc/avr/4.3.3/avr5\libgcc.a(_ge_sf.o)
 .debug_info    0x00000eae      0x27f d:/diploma/imt_sdk_win_64/imt_sdk_win_64/winavr/bin/../lib/gcc/avr/4.3.3/avr5\libgcc.a(_lt_sf.o)
 .debug_info    0x0000112d      0x2b0 d:/diploma/imt_sdk_win_64/imt_sdk_win_64/winavr/bin/../lib/gcc/avr/4.3.3/avr5\libgcc.a(_sf_to_si.o)
 .debug_info    0x000013dd      0x12c d:/diploma/imt_sdk_win_64/imt_sdk_win_64/winavr/bin/../lib/gcc/avr/4.3.3/avr5\libgcc.a(_thenan_sf.o)
 .debug_info    0x00001509      0x2df d:/diploma/imt_sdk_win_64/imt_sdk_win_64/winavr/bin/../lib/gcc/avr/4.3.3/avr5\libgcc.a(_pack_sf.o)
 .debug_info    0x000017e8      0x251 d:/diploma/imt_sdk_win_64/imt_sdk_win_64/winavr/bin/../lib/gcc/avr/4.3.3/avr5\libgcc.a(_unpack_sf.o)
 .debug_info    0x00001a39      0x210 d:/diploma/imt_sdk_win_64/imt_sdk_win_64/winavr/bin/../lib/gcc/avr/4.3.3/avr5\libgcc.a(_fpcmp_parts_sf.o)
 *(.gnu.linkonce.wi.*)

.debug_abbrev   0x00000000      0xeeb
 *(.debug_abbrev)
 .debug_abbrev  0x00000000       0x5d d:/diploma/imt_sdk_win_64/imt_sdk_win_64/winavr/bin/../lib/gcc/avr/4.3.3/avr5\libgcc.a(_fixunssfsi.o)
 .debug_abbrev  0x0000005d      0x1ea d:/diploma/imt_sdk_win_64/imt_sdk_win_64/winavr/bin/../lib/gcc/avr/4.3.3/avr5\libgcc.a(_addsub_sf.o)
 .debug_abbrev  0x00000247      0x21b d:/diploma/imt_sdk_win_64/imt_sdk_win_64/winavr/bin/../lib/gcc/avr/4.3.3/avr5\libgcc.a(_mul_sf.o)
 .debug_abbrev  0x00000462      0x15a d:/diploma/imt_sdk_win_64/imt_sdk_win_64/winavr/bin/../lib/gcc/avr/4.3.3/avr5\libgcc.a(_gt_sf.o)
 .debug_abbrev  0x000005bc      0x15a d:/diploma/imt_sdk_win_64/imt_sdk_win_64/winavr/bin/../lib/gcc/avr/4.3.3/avr5\libgcc.a(_ge_sf.o)
 .debug_abbrev  0x00000716      0x15a d:/diploma/imt_sdk_win_64/imt_sdk_win_64/winavr/bin/../lib/gcc/avr/4.3.3/avr5\libgcc.a(_lt_sf.o)
 .debug_abbrev  0x00000870      0x17f d:/diploma/imt_sdk_win_64/imt_sdk_win_64/winavr/bin/../lib/gcc/avr/4.3.3/avr5\libgcc.a(_sf_to_si.o)
 .debug_abbrev  0x000009ef       0xad d:/diploma/imt_sdk_win_64/imt_sdk_win_64/winavr/bin/../lib/gcc/avr/4.3.3/avr5\libgcc.a(_thenan_sf.o)
 .debug_abbrev  0x00000a9c      0x1c0 d:/diploma/imt_sdk_win_64/imt_sdk_win_64/winavr/bin/../lib/gcc/avr/4.3.3/avr5\libgcc.a(_pack_sf.o)
 .debug_abbrev  0x00000c5c      0x154 d:/diploma/imt_sdk_win_64/imt_sdk_win_64/winavr/bin/../lib/gcc/avr/4.3.3/avr5\libgcc.a(_unpack_sf.o)
 .debug_abbrev  0x00000db0      0x13b d:/diploma/imt_sdk_win_64/imt_sdk_win_64/winavr/bin/../lib/gcc/avr/4.3.3/avr5\libgcc.a(_fpcmp_parts_sf.o)

.debug_line     0x00000000      0xdad
 *(.debug_line)
 .debug_line    0x00000000       0xa7 d:/diploma/imt_sdk_win_64/imt_sdk_win_64/winavr/bin/../lib/gcc/avr/4.3.3/avr5\libgcc.a(_fixunssfsi.o)
 .debug_line    0x000000a7      0x2af d:/diploma/imt_sdk_win_64/imt_sdk_win_64/winavr/bin/../lib/gcc/avr/4.3.3/avr5\libgcc.a(_addsub_sf.o)
 .debug_line    0x00000356      0x239 d:/diploma/imt_sdk_win_64/imt_sdk_win_64/winavr/bin/../lib/gcc/avr/4.3.3/avr5\libgcc.a(_mul_sf.o)
 .debug_line    0x0000058f       0xd3 d:/diploma/imt_sdk_win_64/imt_sdk_win_64/winavr/bin/../lib/gcc/avr/4.3.3/avr5\libgcc.a(_gt_sf.o)
 .debug_line    0x00000662       0xd3 d:/diploma/imt_sdk_win_64/imt_sdk_win_64/winavr/bin/../lib/gcc/avr/4.3.3/avr5\libgcc.a(_ge_sf.o)
 .debug_line    0x00000735       0xd3 d:/diploma/imt_sdk_win_64/imt_sdk_win_64/winavr/bin/../lib/gcc/avr/4.3.3/avr5\libgcc.a(_lt_sf.o)
 .debug_line    0x00000808      0x109 d:/diploma/imt_sdk_win_64/imt_sdk_win_64/winavr/bin/../lib/gcc/avr/4.3.3/avr5\libgcc.a(_sf_to_si.o)
 .debug_line    0x00000911       0x90 d:/diploma/imt_sdk_win_64/imt_sdk_win_64/winavr/bin/../lib/gcc/avr/4.3.3/avr5\libgcc.a(_thenan_sf.o)
 .debug_line    0x000009a1      0x18a d:/diploma/imt_sdk_win_64/imt_sdk_win_64/winavr/bin/../lib/gcc/avr/4.3.3/avr5\libgcc.a(_pack_sf.o)
 .debug_line    0x00000b2b      0x14b d:/diploma/imt_sdk_win_64/imt_sdk_win_64/winavr/bin/../lib/gcc/avr/4.3.3/avr5\libgcc.a(_unpack_sf.o)
 .debug_line    0x00000c76      0x137 d:/diploma/imt_sdk_win_64/imt_sdk_win_64/winavr/bin/../lib/gcc/avr/4.3.3/avr5\libgcc.a(_fpcmp_parts_sf.o)

.debug_frame    0x00000000      0x160
 *(.debug_frame)
 .debug_frame   0x00000000       0x20 d:/diploma/imt_sdk_win_64/imt_sdk_win_64/winavr/bin/../lib/gcc/avr/4.3.3/avr5\libgcc.a(_fixunssfsi.o)
 .debug_frame   0x00000020       0x40 d:/diploma/imt_sdk_win_64/imt_sdk_win_64/winavr/bin/../lib/gcc/avr/4.3.3/avr5\libgcc.a(_addsub_sf.o)
 .debug_frame   0x00000060       0x20 d:/diploma/imt_sdk_win_64/imt_sdk_win_64/winavr/bin/../lib/gcc/avr/4.3.3/avr5\libgcc.a(_mul_sf.o)
 .debug_frame   0x00000080       0x20 d:/diploma/imt_sdk_win_64/imt_sdk_win_64/winavr/bin/../lib/gcc/avr/4.3.3/avr5\libgcc.a(_gt_sf.o)
 .debug_frame   0x000000a0       0x20 d:/diploma/imt_sdk_win_64/imt_sdk_win_64/winavr/bin/../lib/gcc/avr/4.3.3/avr5\libgcc.a(_ge_sf.o)
 .debug_frame   0x000000c0       0x20 d:/diploma/imt_sdk_win_64/imt_sdk_win_64/winavr/bin/../lib/gcc/avr/4.3.3/avr5\libgcc.a(_lt_sf.o)
 .debug_frame   0x000000e0       0x20 d:/diploma/imt_sdk_win_64/imt_sdk_win_64/winavr/bin/../lib/gcc/avr/4.3.3/avr5\libgcc.a(_sf_to_si.o)
 .debug_frame   0x00000100       0x20 d:/diploma/imt_sdk_win_64/imt_sdk_win_64/winavr/bin/../lib/gcc/avr/4.3.3/avr5\libgcc.a(_pack_sf.o)
 .debug_frame   0x00000120       0x20 d:/diploma/imt_sdk_win_64/imt_sdk_win_64/winavr/bin/../lib/gcc/avr/4.3.3/avr5\libgcc.a(_unpack_sf.o)
 .debug_frame   0x00000140       0x20 d:/diploma/imt_sdk_win_64/imt_sdk_win_64/winavr/bin/../lib/gcc/avr/4.3.3/avr5\libgcc.a(_fpcmp_parts_sf.o)

.debug_str      0x00000000      0x28d
 *(.debug_str)
 .debug_str     0x00000000       0xbf d:/diploma/imt_sdk_win_64/imt_sdk_win_64/winavr/bin/../lib/gcc/avr/4.3.3/avr5\libgcc.a(_fixunssfsi.o)
                                 0xfe (size before relaxing)
 .debug_str     0x000000bf      0x14d d:/diploma/imt_sdk_win_64/imt_sdk_win_64/winavr/bin/../lib/gcc/avr/4.3.3/avr5\libgcc.a(_addsub_sf.o)
                                0x206 (size before relaxing)
 .debug_str     0x0000020c       0x27 d:/diploma/imt_sdk_win_64/imt_sdk_win_64/winavr/bin/../lib/gcc/avr/4.3.3/avr5\libgcc.a(_mul_sf.o)
                                0x1bf (size before relaxing)
 .debug_str     0x00000233        0xf d:/diploma/imt_sdk_win_64/imt_sdk_win_64/winavr/bin/../lib/gcc/avr/4.3.3/avr5\libgcc.a(_gt_sf.o)
                                0x195 (size before relaxing)
 .debug_str     0x00000242        0x8 d:/diploma/imt_sdk_win_64/imt_sdk_win_64/winavr/bin/../lib/gcc/avr/4.3.3/avr5\libgcc.a(_ge_sf.o)
                                0x195 (size before relaxing)
 .debug_str     0x0000024a        0x8 d:/diploma/imt_sdk_win_64/imt_sdk_win_64/winavr/bin/../lib/gcc/avr/4.3.3/avr5\libgcc.a(_lt_sf.o)
                                0x195 (size before relaxing)
 .debug_str     0x00000252        0xa d:/diploma/imt_sdk_win_64/imt_sdk_win_64/winavr/bin/../lib/gcc/avr/4.3.3/avr5\libgcc.a(_sf_to_si.o)
                                0x19e (size before relaxing)
 .debug_str     0x00000000      0x103 d:/diploma/imt_sdk_win_64/imt_sdk_win_64/winavr/bin/../lib/gcc/avr/4.3.3/avr5\libgcc.a(_thenan_sf.o)
 .debug_str     0x0000025c       0x16 d:/diploma/imt_sdk_win_64/imt_sdk_win_64/winavr/bin/../lib/gcc/avr/4.3.3/avr5\libgcc.a(_pack_sf.o)
                                0x19d (size before relaxing)
 .debug_str     0x00000272        0xb d:/diploma/imt_sdk_win_64/imt_sdk_win_64/winavr/bin/../lib/gcc/avr/4.3.3/avr5\libgcc.a(_unpack_sf.o)
                                0x17f (size before relaxing)
 .debug_str     0x0000027d       0x10 d:/diploma/imt_sdk_win_64/imt_sdk_win_64/winavr/bin/../lib/gcc/avr/4.3.3/avr5\libgcc.a(_fpcmp_parts_sf.o)
                                0x163 (size before relaxing)

.debug_loc      0x00000000      0x7ce
 *(.debug_loc)
 .debug_loc     0x00000000       0x34 d:/diploma/imt_sdk_win_64/imt_sdk_win_64/winavr/bin/../lib/gcc/avr/4.3.3/avr5\libgcc.a(_fixunssfsi.o)
 .debug_loc     0x00000034      0x32a d:/diploma/imt_sdk_win_64/imt_sdk_win_64/winavr/bin/../lib/gcc/avr/4.3.3/avr5\libgcc.a(_addsub_sf.o)
 .debug_loc     0x0000035e      0x104 d:/diploma/imt_sdk_win_64/imt_sdk_win_64/winavr/bin/../lib/gcc/avr/4.3.3/avr5\libgcc.a(_mul_sf.o)
 .debug_loc     0x00000462       0x3c d:/diploma/imt_sdk_win_64/imt_sdk_win_64/winavr/bin/../lib/gcc/avr/4.3.3/avr5\libgcc.a(_gt_sf.o)
 .debug_loc     0x0000049e       0x3c d:/diploma/imt_sdk_win_64/imt_sdk_win_64/winavr/bin/../lib/gcc/avr/4.3.3/avr5\libgcc.a(_ge_sf.o)
 .debug_loc     0x000004da       0x3c d:/diploma/imt_sdk_win_64/imt_sdk_win_64/winavr/bin/../lib/gcc/avr/4.3.3/avr5\libgcc.a(_lt_sf.o)
 .debug_loc     0x00000516       0x7e d:/diploma/imt_sdk_win_64/imt_sdk_win_64/winavr/bin/../lib/gcc/avr/4.3.3/avr5\libgcc.a(_sf_to_si.o)
 .debug_loc     0x00000594      0x13e d:/diploma/imt_sdk_win_64/imt_sdk_win_64/winavr/bin/../lib/gcc/avr/4.3.3/avr5\libgcc.a(_pack_sf.o)
 .debug_loc     0x000006d2       0xac d:/diploma/imt_sdk_win_64/imt_sdk_win_64/winavr/bin/../lib/gcc/avr/4.3.3/avr5\libgcc.a(_unpack_sf.o)
 .debug_loc     0x0000077e       0x50 d:/diploma/imt_sdk_win_64/imt_sdk_win_64/winavr/bin/../lib/gcc/avr/4.3.3/avr5\libgcc.a(_fpcmp_parts_sf.o)

.debug_macinfo
 *(.debug_macinfo)
OUTPUT(ITI23_FreeRTOS.elf elf32-avr)
LOAD linker stubs

.debug_ranges   0x00000000       0x50
 .debug_ranges  0x00000000       0x50 d:/diploma/imt_sdk_win_64/imt_sdk_win_64/winavr/bin/../lib/gcc/avr/4.3.3/avr5\libgcc.a(_mul_sf.o)
