Archive member included because of file (symbol)

d:/diploma/imt_sdk_win_64/imt_sdk_win_64/winavr/bin/../lib/gcc/avr/4.3.3/avr5\libgcc.a(_udivmodhi4.o)
                              ./HAL/LCD/LCD_Program.o (__udivmodhi4)
d:/diploma/imt_sdk_win_64/imt_sdk_win_64/winavr/bin/../lib/gcc/avr/4.3.3/avr5\libgcc.a(_exit.o)
                              d:/diploma/imt_sdk_win_64/imt_sdk_win_64/winavr/bin/../lib/gcc/avr/4.3.3/../../../../avr/lib/avr5/crtm32.o (exit)
d:/diploma/imt_sdk_win_64/imt_sdk_win_64/winavr/bin/../lib/gcc/avr/4.3.3/avr5\libgcc.a(_copy_data.o)
                              ./Src/main.o (__do_copy_data)
d:/diploma/imt_sdk_win_64/imt_sdk_win_64/winavr/bin/../lib/gcc/avr/4.3.3/avr5\libgcc.a(_clear_bss.o)
                              ./Src/main.o (__do_clear_bss)
d:/diploma/imt_sdk_win_64/imt_sdk_win_64/winavr/bin/../lib/gcc/avr/4.3.3/avr5\libgcc.a(_fixunssfsi.o)
                              ./HAL/LCD/LCD_Program.o (__fixunssfsi)
d:/diploma/imt_sdk_win_64/imt_sdk_win_64/winavr/bin/../lib/gcc/avr/4.3.3/avr5\libgcc.a(_addsub_sf.o)
                              d:/diploma/imt_sdk_win_64/imt_sdk_win_64/winavr/bin/../lib/gcc/avr/4.3.3/avr5\libgcc.a(_fixunssfsi.o) (__subsf3)
d:/diploma/imt_sdk_win_64/imt_sdk_win_64/winavr/bin/../lib/gcc/avr/4.3.3/avr5\libgcc.a(_mul_sf.o)
                              ./HAL/LCD/LCD_Program.o (__mulsf3)
d:/diploma/imt_sdk_win_64/imt_sdk_win_64/winavr/bin/../lib/gcc/avr/4.3.3/avr5\libgcc.a(_gt_sf.o)
                              ./HAL/LCD/LCD_Program.o (__gtsf2)
d:/diploma/imt_sdk_win_64/imt_sdk_win_64/winavr/bin/../lib/gcc/avr/4.3.3/avr5\libgcc.a(_ge_sf.o)
                              d:/diploma/imt_sdk_win_64/imt_sdk_win_64/winavr/bin/../lib/gcc/avr/4.3.3/avr5\libgcc.a(_fixunssfsi.o) (__gesf2)
d:/diploma/imt_sdk_win_64/imt_sdk_win_64/winavr/bin/../lib/gcc/avr/4.3.3/avr5\libgcc.a(_lt_sf.o)
                              ./HAL/LCD/LCD_Program.o (__ltsf2)
d:/diploma/imt_sdk_win_64/imt_sdk_win_64/winavr/bin/../lib/gcc/avr/4.3.3/avr5\libgcc.a(_sf_to_si.o)
                              d:/diploma/imt_sdk_win_64/imt_sdk_win_64/winavr/bin/../lib/gcc/avr/4.3.3/avr5\libgcc.a(_fixunssfsi.o) (__fixsfsi)
d:/diploma/imt_sdk_win_64/imt_sdk_win_64/winavr/bin/../lib/gcc/avr/4.3.3/avr5\libgcc.a(_thenan_sf.o)
                              d:/diploma/imt_sdk_win_64/imt_sdk_win_64/winavr/bin/../lib/gcc/avr/4.3.3/avr5\libgcc.a(_addsub_sf.o) (__thenan_sf)
d:/diploma/imt_sdk_win_64/imt_sdk_win_64/winavr/bin/../lib/gcc/avr/4.3.3/avr5\libgcc.a(_prologue.o)
                              d:/diploma/imt_sdk_win_64/imt_sdk_win_64/winavr/bin/../lib/gcc/avr/4.3.3/avr5\libgcc.a(_addsub_sf.o) (__prologue_saves__)
d:/diploma/imt_sdk_win_64/imt_sdk_win_64/winavr/bin/../lib/gcc/avr/4.3.3/avr5\libgcc.a(_epilogue.o)
                              d:/diploma/imt_sdk_win_64/imt_sdk_win_64/winavr/bin/../lib/gcc/avr/4.3.3/avr5\libgcc.a(_addsub_sf.o) (__epilogue_restores__)
d:/diploma/imt_sdk_win_64/imt_sdk_win_64/winavr/bin/../lib/gcc/avr/4.3.3/avr5\libgcc.a(_pack_sf.o)
                              d:/diploma/imt_sdk_win_64/imt_sdk_win_64/winavr/bin/../lib/gcc/avr/4.3.3/avr5\libgcc.a(_addsub_sf.o) (__pack_f)
d:/diploma/imt_sdk_win_64/imt_sdk_win_64/winavr/bin/../lib/gcc/avr/4.3.3/avr5\libgcc.a(_unpack_sf.o)
                              d:/diploma/imt_sdk_win_64/imt_sdk_win_64/winavr/bin/../lib/gcc/avr/4.3.3/avr5\libgcc.a(_addsub_sf.o) (__unpack_f)
d:/diploma/imt_sdk_win_64/imt_sdk_win_64/winavr/bin/../lib/gcc/avr/4.3.3/avr5\libgcc.a(_fpcmp_parts_sf.o)
                              d:/diploma/imt_sdk_win_64/imt_sdk_win_64/winavr/bin/../lib/gcc/avr/4.3.3/avr5\libgcc.a(_gt_sf.o) (__fpcmp_parts_f)
d:/diploma/imt_sdk_win_64/imt_sdk_win_64/winavr/bin/../lib/gcc/avr/4.3.3/../../../../avr/lib/avr5\libc.a(memcpy.o)
                              ./OS/FreeRTOS/queue.o (memcpy)

Allocating common symbols
Common symbol       size              file

xSemaphore          0x2               ./Src/main.o

Memory Configuration

Name             Origin             Length             Attributes
text             0x00000000         0x00020000         xr
data             0x00800060         0x0000ffa0         rw !x
eeprom           0x00810000         0x00010000         rw !x
fuse             0x00820000         0x00000400         rw !x
lock             0x00830000         0x00000400         rw !x
signature        0x00840000         0x00000400         rw !x
*default*        0x00000000         0xffffffff

Linker script and memory map

LOAD d:/diploma/imt_sdk_win_64/imt_sdk_win_64/winavr/bin/../lib/gcc/avr/4.3.3/../../../../avr/lib/avr5/crtm32.o
LOAD ./Src/main.o
LOAD ./OS/FreeRTOS/croutine.o
LOAD ./OS/FreeRTOS/event_groups.o
LOAD ./OS/FreeRTOS/heap_1.o
LOAD ./OS/FreeRTOS/list.o
LOAD ./OS/FreeRTOS/port.o
LOAD ./OS/FreeRTOS/queue.o
LOAD ./OS/FreeRTOS/tasks.o
LOAD ./OS/FreeRTOS/timers.o
LOAD ./MCAL/GIE/GIE_Program.o
LOAD ./MCAL/EXTI/EXTI_Program.o
LOAD ./MCAL/DIO/DIO_Program.o
LOAD ./HAL/LCD/LCD_Program.o
LOAD d:/diploma/imt_sdk_win_64/imt_sdk_win_64/winavr/bin/../lib/gcc/avr/4.3.3/avr5\libgcc.a
LOAD d:/diploma/imt_sdk_win_64/imt_sdk_win_64/winavr/bin/../lib/gcc/avr/4.3.3/../../../../avr/lib/avr5\libc.a
LOAD d:/diploma/imt_sdk_win_64/imt_sdk_win_64/winavr/bin/../lib/gcc/avr/4.3.3/avr5\libgcc.a

.hash
 *(.hash)

.dynsym
 *(.dynsym)

.dynstr
 *(.dynstr)

.gnu.version
 *(.gnu.version)

.gnu.version_d
 *(.gnu.version_d)

.gnu.version_r
 *(.gnu.version_r)

.rel.init
 *(.rel.init)

.rela.init
 *(.rela.init)

.rel.text
 *(.rel.text)
 *(.rel.text.*)
 *(.rel.gnu.linkonce.t*)

.rela.text
 *(.rela.text)
 *(.rela.text.*)
 *(.rela.gnu.linkonce.t*)

.rel.fini
 *(.rel.fini)

.rela.fini
 *(.rela.fini)

.rel.rodata
 *(.rel.rodata)
 *(.rel.rodata.*)
 *(.rel.gnu.linkonce.r*)

.rela.rodata
 *(.rela.rodata)
 *(.rela.rodata.*)
 *(.rela.gnu.linkonce.r*)

.rel.data
 *(.rel.data)
 *(.rel.data.*)
 *(.rel.gnu.linkonce.d*)

.rela.data
 *(.rela.data)
 *(.rela.data.*)
 *(.rela.gnu.linkonce.d*)

.rel.ctors
 *(.rel.ctors)

.rela.ctors
 *(.rela.ctors)

.rel.dtors
 *(.rel.dtors)

.rela.dtors
 *(.rela.dtors)

.rel.got
 *(.rel.got)

.rela.got
 *(.rela.got)

.rel.bss
 *(.rel.bss)

.rela.bss
 *(.rela.bss)

.rel.plt
 *(.rel.plt)

.rela.plt
 *(.rela.plt)

.text           0x00000000     0x5efe
 *(.vectors)
 .vectors       0x00000000       0x54 d:/diploma/imt_sdk_win_64/imt_sdk_win_64/winavr/bin/../lib/gcc/avr/4.3.3/../../../../avr/lib/avr5/crtm32.o
                0x00000000                __vectors
                0x00000000                __vector_default
 *(.vectors)
 *(.progmem.gcc*)
 *(.progmem*)
                0x00000054                . = ALIGN (0x2)
                0x00000054                __trampolines_start = .
 *(.trampolines)
 .trampolines   0x00000054        0x0 linker stubs
 *(.trampolines*)
                0x00000054                __trampolines_end = .
 *(.jumptables)
 *(.jumptables*)
 *(.lowtext)
 *(.lowtext*)
                0x00000054                __ctors_start = .
 *(.ctors)
                0x00000054                __ctors_end = .
                0x00000054                __dtors_start = .
 *(.dtors)
                0x00000054                __dtors_end = .
 SORT(*)(.ctors)
 SORT(*)(.dtors)
 *(.init0)
 .init0         0x00000054        0x0 d:/diploma/imt_sdk_win_64/imt_sdk_win_64/winavr/bin/../lib/gcc/avr/4.3.3/../../../../avr/lib/avr5/crtm32.o
                0x00000054                __init
 *(.init0)
 *(.init1)
 *(.init1)
 *(.init2)
 .init2         0x00000054        0xc d:/diploma/imt_sdk_win_64/imt_sdk_win_64/winavr/bin/../lib/gcc/avr/4.3.3/../../../../avr/lib/avr5/crtm32.o
 *(.init2)
 *(.init3)
 *(.init3)
 *(.init4)
 .init4         0x00000060       0x16 d:/diploma/imt_sdk_win_64/imt_sdk_win_64/winavr/bin/../lib/gcc/avr/4.3.3/avr5\libgcc.a(_copy_data.o)
                0x00000060                __do_copy_data
 .init4         0x00000076       0x10 d:/diploma/imt_sdk_win_64/imt_sdk_win_64/winavr/bin/../lib/gcc/avr/4.3.3/avr5\libgcc.a(_clear_bss.o)
                0x00000076                __do_clear_bss
 *(.init4)
 *(.init5)
 *(.init5)
 *(.init6)
 *(.init6)
 *(.init7)
 *(.init7)
 *(.init8)
 *(.init8)
 *(.init9)
 .init9         0x00000086        0x8 d:/diploma/imt_sdk_win_64/imt_sdk_win_64/winavr/bin/../lib/gcc/avr/4.3.3/../../../../avr/lib/avr5/crtm32.o
 *(.init9)
 *(.text)
 .text          0x0000008e        0x4 d:/diploma/imt_sdk_win_64/imt_sdk_win_64/winavr/bin/../lib/gcc/avr/4.3.3/../../../../avr/lib/avr5/crtm32.o
                0x0000008e                __vector_12
                0x0000008e                __bad_interrupt
                0x0000008e                __vector_6
                0x0000008e                __vector_3
                0x0000008e                __vector_11
                0x0000008e                __vector_13
                0x0000008e                __vector_17
                0x0000008e                __vector_19
                0x0000008e                __vector_5
                0x0000008e                __vector_4
                0x0000008e                __vector_9
                0x0000008e                __vector_2
                0x0000008e                __vector_15
                0x0000008e                __vector_8
                0x0000008e                __vector_14
                0x0000008e                __vector_10
                0x0000008e                __vector_16
                0x0000008e                __vector_18
                0x0000008e                __vector_20
 .text          0x00000092        0x0 ./Src/main.o
 .text          0x00000092        0x0 ./OS/FreeRTOS/croutine.o
 .text          0x00000092        0x0 ./OS/FreeRTOS/event_groups.o
 .text          0x00000092        0x0 ./OS/FreeRTOS/heap_1.o
 .text          0x00000092        0x0 ./OS/FreeRTOS/list.o
 .text          0x00000092        0x0 ./OS/FreeRTOS/port.o
 .text          0x00000092        0x0 ./OS/FreeRTOS/queue.o
 .text          0x00000092        0x0 ./OS/FreeRTOS/tasks.o
 .text          0x00000092        0x0 ./OS/FreeRTOS/timers.o
 .text          0x00000092        0x0 ./MCAL/GIE/GIE_Program.o
 .text          0x00000092        0x0 ./MCAL/EXTI/EXTI_Program.o
 .text          0x00000092        0x0 ./MCAL/DIO/DIO_Program.o
 .text          0x00000092        0x0 ./HAL/LCD/LCD_Program.o
 .text          0x00000092        0x0 d:/diploma/imt_sdk_win_64/imt_sdk_win_64/winavr/bin/../lib/gcc/avr/4.3.3/avr5\libgcc.a(_udivmodhi4.o)
 .text          0x00000092        0x0 d:/diploma/imt_sdk_win_64/imt_sdk_win_64/winavr/bin/../lib/gcc/avr/4.3.3/avr5\libgcc.a(_exit.o)
 .text          0x00000092        0x0 d:/diploma/imt_sdk_win_64/imt_sdk_win_64/winavr/bin/../lib/gcc/avr/4.3.3/avr5\libgcc.a(_copy_data.o)
 .text          0x00000092        0x0 d:/diploma/imt_sdk_win_64/imt_sdk_win_64/winavr/bin/../lib/gcc/avr/4.3.3/avr5\libgcc.a(_clear_bss.o)
 .text          0x00000092       0x58 d:/diploma/imt_sdk_win_64/imt_sdk_win_64/winavr/bin/../lib/gcc/avr/4.3.3/avr5\libgcc.a(_fixunssfsi.o)
                0x00000092                __fixunssfsi
 .text          0x000000ea      0x354 d:/diploma/imt_sdk_win_64/imt_sdk_win_64/winavr/bin/../lib/gcc/avr/4.3.3/avr5\libgcc.a(_addsub_sf.o)
                0x00000382                __subsf3
                0x000003e4                __addsf3
 .text          0x0000043e      0x1f4 d:/diploma/imt_sdk_win_64/imt_sdk_win_64/winavr/bin/../lib/gcc/avr/4.3.3/avr5\libgcc.a(_mul_sf.o)
                0x0000043e                __mulsf3
 .text          0x00000632       0x60 d:/diploma/imt_sdk_win_64/imt_sdk_win_64/winavr/bin/../lib/gcc/avr/4.3.3/avr5\libgcc.a(_gt_sf.o)
                0x00000632                __gtsf2
 .text          0x00000692       0x60 d:/diploma/imt_sdk_win_64/imt_sdk_win_64/winavr/bin/../lib/gcc/avr/4.3.3/avr5\libgcc.a(_ge_sf.o)
                0x00000692                __gesf2
 .text          0x000006f2       0x60 d:/diploma/imt_sdk_win_64/imt_sdk_win_64/winavr/bin/../lib/gcc/avr/4.3.3/avr5\libgcc.a(_lt_sf.o)
                0x000006f2                __ltsf2
 .text          0x00000752       0xa8 d:/diploma/imt_sdk_win_64/imt_sdk_win_64/winavr/bin/../lib/gcc/avr/4.3.3/avr5\libgcc.a(_sf_to_si.o)
                0x00000752                __fixsfsi
 .text          0x000007fa        0x0 d:/diploma/imt_sdk_win_64/imt_sdk_win_64/winavr/bin/../lib/gcc/avr/4.3.3/avr5\libgcc.a(_thenan_sf.o)
 .text          0x000007fa        0x0 d:/diploma/imt_sdk_win_64/imt_sdk_win_64/winavr/bin/../lib/gcc/avr/4.3.3/avr5\libgcc.a(_prologue.o)
 .text          0x000007fa        0x0 d:/diploma/imt_sdk_win_64/imt_sdk_win_64/winavr/bin/../lib/gcc/avr/4.3.3/avr5\libgcc.a(_epilogue.o)
 .text          0x000007fa      0x1aa d:/diploma/imt_sdk_win_64/imt_sdk_win_64/winavr/bin/../lib/gcc/avr/4.3.3/avr5\libgcc.a(_pack_sf.o)
                0x000007fa                __pack_f
 .text          0x000009a4       0xf0 d:/diploma/imt_sdk_win_64/imt_sdk_win_64/winavr/bin/../lib/gcc/avr/4.3.3/avr5\libgcc.a(_unpack_sf.o)
                0x000009a4                __unpack_f
 .text          0x00000a94       0xb2 d:/diploma/imt_sdk_win_64/imt_sdk_win_64/winavr/bin/../lib/gcc/avr/4.3.3/avr5\libgcc.a(_fpcmp_parts_sf.o)
                0x00000a94                __fpcmp_parts_f
 .text          0x00000b46        0x0 d:/diploma/imt_sdk_win_64/imt_sdk_win_64/winavr/bin/../lib/gcc/avr/4.3.3/../../../../avr/lib/avr5\libc.a(memcpy.o)
                0x00000b46                . = ALIGN (0x2)
 *(.text.*)
 .text.Task1    0x00000b46       0x2c ./Src/main.o
                0x00000b46                Task1
 .text.ISR_Handler
                0x00000b72       0x24 ./Src/main.o
                0x00000b72                ISR_Handler
 .text.main     0x00000b96       0xb6 ./Src/main.o
                0x00000b96                main
 .text.xEventGroupCreate
                0x00000c4c       0x3e ./OS/FreeRTOS/event_groups.o
                0x00000c4c                xEventGroupCreate
 .text.xEventGroupSync
                0x00000c8a      0x172 ./OS/FreeRTOS/event_groups.o
                0x00000c8a                xEventGroupSync
 .text.xEventGroupWaitBits
                0x00000dfc      0x18c ./OS/FreeRTOS/event_groups.o
                0x00000dfc                xEventGroupWaitBits
 .text.xEventGroupClearBits
                0x00000f88       0x6c ./OS/FreeRTOS/event_groups.o
                0x00000f88                xEventGroupClearBits
 .text.xEventGroupGetBitsFromISR
                0x00000ff4       0x44 ./OS/FreeRTOS/event_groups.o
                0x00000ff4                xEventGroupGetBitsFromISR
 .text.xEventGroupSetBits
                0x00001038      0x164 ./OS/FreeRTOS/event_groups.o
                0x00001038                xEventGroupSetBits
 .text.vEventGroupDelete
                0x0000119c       0x62 ./OS/FreeRTOS/event_groups.o
                0x0000119c                vEventGroupDelete
 .text.vEventGroupSetBitsCallback
                0x000011fe       0x3a ./OS/FreeRTOS/event_groups.o
                0x000011fe                vEventGroupSetBitsCallback
 .text.vEventGroupClearBitsCallback
                0x00001238       0x3a ./OS/FreeRTOS/event_groups.o
                0x00001238                vEventGroupClearBitsCallback
 .text.prvTestWaitCondition
                0x00001272       0x64 ./OS/FreeRTOS/event_groups.o
 .text.pvPortMalloc
                0x000012d6       0xac ./OS/FreeRTOS/heap_1.o
                0x000012d6                pvPortMalloc
 .text.vPortFree
                0x00001382       0x18 ./OS/FreeRTOS/heap_1.o
                0x00001382                vPortFree
 .text.vPortInitialiseBlocks
                0x0000139a       0x16 ./OS/FreeRTOS/heap_1.o
                0x0000139a                vPortInitialiseBlocks
 .text.xPortGetFreeHeapSize
                0x000013b0       0x1e ./OS/FreeRTOS/heap_1.o
                0x000013b0                xPortGetFreeHeapSize
 .text.vListInitialise
                0x000013ce       0x54 ./OS/FreeRTOS/list.o
                0x000013ce                vListInitialise
 .text.vListInitialiseItem
                0x00001422       0x20 ./OS/FreeRTOS/list.o
                0x00001422                vListInitialiseItem
 .text.vListInsertEnd
                0x00001442       0x88 ./OS/FreeRTOS/list.o
                0x00001442                vListInsertEnd
 .text.vListInsert
                0x000014ca       0xd8 ./OS/FreeRTOS/list.o
                0x000014ca                vListInsert
 .text.uxListRemove
                0x000015a2       0x98 ./OS/FreeRTOS/list.o
                0x000015a2                uxListRemove
 .text.pxPortInitialiseStack
                0x0000163a      0x306 ./OS/FreeRTOS/port.o
                0x0000163a                pxPortInitialiseStack
 .text.xPortStartScheduler
                0x00001940       0x6a ./OS/FreeRTOS/port.o
                0x00001940                xPortStartScheduler
 .text.vPortEndScheduler
                0x000019aa        0xe ./OS/FreeRTOS/port.o
                0x000019aa                vPortEndScheduler
 .text.vPortYield
                0x000019b8       0xb2 ./OS/FreeRTOS/port.o
                0x000019b8                vPortYield
 .text.vPortYieldFromTick
                0x00001a6a       0xba ./OS/FreeRTOS/port.o
                0x00001a6a                vPortYieldFromTick
 .text.prvSetupTimerInterrupt
                0x00001b24       0xb8 ./OS/FreeRTOS/port.o
 .text.__vector_7
                0x00001bdc        0x6 ./OS/FreeRTOS/port.o
                0x00001bdc                __vector_7
 .text.xQueueGenericReset
                0x00001be2      0x10c ./OS/FreeRTOS/queue.o
                0x00001be2                xQueueGenericReset
 .text.xQueueGenericCreate
                0x00001cee       0x96 ./OS/FreeRTOS/queue.o
                0x00001cee                xQueueGenericCreate
 .text.prvInitialiseNewQueue
                0x00001d84       0x76 ./OS/FreeRTOS/queue.o
 .text.xQueueGenericSend
                0x00001dfa      0x158 ./OS/FreeRTOS/queue.o
                0x00001dfa                xQueueGenericSend
 .text.xQueueGenericSendFromISR
                0x00001f52       0xb8 ./OS/FreeRTOS/queue.o
                0x00001f52                xQueueGenericSendFromISR
 .text.xQueueGiveFromISR
                0x0000200a       0xa2 ./OS/FreeRTOS/queue.o
                0x0000200a                xQueueGiveFromISR
 .text.xQueueReceive
                0x000020ac      0x156 ./OS/FreeRTOS/queue.o
                0x000020ac                xQueueReceive
 .text.xQueueSemaphoreTake
                0x00002202      0x144 ./OS/FreeRTOS/queue.o
                0x00002202                xQueueSemaphoreTake
 .text.xQueuePeek
                0x00002346      0x164 ./OS/FreeRTOS/queue.o
                0x00002346                xQueuePeek
 .text.xQueueReceiveFromISR
                0x000024aa       0xae ./OS/FreeRTOS/queue.o
                0x000024aa                xQueueReceiveFromISR
 .text.xQueuePeekFromISR
                0x00002558       0x72 ./OS/FreeRTOS/queue.o
                0x00002558                xQueuePeekFromISR
 .text.uxQueueMessagesWaiting
                0x000025ca       0x30 ./OS/FreeRTOS/queue.o
                0x000025ca                uxQueueMessagesWaiting
 .text.uxQueueSpacesAvailable
                0x000025fa       0x4a ./OS/FreeRTOS/queue.o
                0x000025fa                uxQueueSpacesAvailable
 .text.uxQueueMessagesWaitingFromISR
                0x00002644       0x34 ./OS/FreeRTOS/queue.o
                0x00002644                uxQueueMessagesWaitingFromISR
 .text.vQueueDelete
                0x00002678       0x2e ./OS/FreeRTOS/queue.o
                0x00002678                vQueueDelete
 .text.prvCopyDataToQueue
                0x000026a6      0x14c ./OS/FreeRTOS/queue.o
 .text.prvCopyDataFromQueue
                0x000027f2       0x8e ./OS/FreeRTOS/queue.o
 .text.prvUnlockQueue
                0x00002880       0xa6 ./OS/FreeRTOS/queue.o
 .text.prvIsQueueEmpty
                0x00002926       0x3a ./OS/FreeRTOS/queue.o
 .text.xQueueIsQueueEmptyFromISR
                0x00002960       0x3e ./OS/FreeRTOS/queue.o
                0x00002960                xQueueIsQueueEmptyFromISR
 .text.prvIsQueueFull
                0x0000299e       0x40 ./OS/FreeRTOS/queue.o
 .text.xQueueIsQueueFullFromISR
                0x000029de       0x44 ./OS/FreeRTOS/queue.o
                0x000029de                xQueueIsQueueFullFromISR
 .text.xTaskCreate
                0x00002a22       0xf0 ./OS/FreeRTOS/tasks.o
                0x00002a22                xTaskCreate
 .text.prvInitialiseNewTask
                0x00002b12      0x178 ./OS/FreeRTOS/tasks.o
 .text.prvAddNewTaskToReadyList
                0x00002c8a       0xf0 ./OS/FreeRTOS/tasks.o
 .text.vTaskDelete
                0x00002d7a       0xe4 ./OS/FreeRTOS/tasks.o
                0x00002d7a                vTaskDelete
 .text.vTaskDelayUntil
                0x00002e5e       0xe4 ./OS/FreeRTOS/tasks.o
                0x00002e5e                vTaskDelayUntil
 .text.vTaskDelay
                0x00002f42       0x44 ./OS/FreeRTOS/tasks.o
                0x00002f42                vTaskDelay
 .text.uxTaskPriorityGet
                0x00002f86       0x64 ./OS/FreeRTOS/tasks.o
                0x00002f86                uxTaskPriorityGet
 .text.uxTaskPriorityGetFromISR
                0x00002fea       0x5c ./OS/FreeRTOS/tasks.o
                0x00002fea                uxTaskPriorityGetFromISR
 .text.vTaskPrioritySet
                0x00003046      0x17c ./OS/FreeRTOS/tasks.o
                0x00003046                vTaskPrioritySet
 .text.vTaskSuspend
                0x000031c2       0xe8 ./OS/FreeRTOS/tasks.o
                0x000031c2                vTaskSuspend
 .text.prvTaskIsTaskSuspended
                0x000032aa       0x5e ./OS/FreeRTOS/tasks.o
 .text.vTaskResume
                0x00003308       0xc8 ./OS/FreeRTOS/tasks.o
                0x00003308                vTaskResume
 .text.xTaskResumeFromISR
                0x000033d0       0xcc ./OS/FreeRTOS/tasks.o
                0x000033d0                xTaskResumeFromISR
 .text.vTaskStartScheduler
                0x0000349c       0x64 ./OS/FreeRTOS/tasks.o
                0x0000349c                vTaskStartScheduler
 .text.vTaskEndScheduler
                0x00003500       0x18 ./OS/FreeRTOS/tasks.o
                0x00003500                vTaskEndScheduler
 .text.vTaskSuspendAll
                0x00003518       0x18 ./OS/FreeRTOS/tasks.o
                0x00003518                vTaskSuspendAll
 .text.xTaskResumeAll
                0x00003530      0x13c ./OS/FreeRTOS/tasks.o
                0x00003530                xTaskResumeAll
 .text.xTaskGetTickCount
                0x0000366c       0x2e ./OS/FreeRTOS/tasks.o
                0x0000366c                xTaskGetTickCount
 .text.xTaskGetTickCountFromISR
                0x0000369a       0x2a ./OS/FreeRTOS/tasks.o
                0x0000369a                xTaskGetTickCountFromISR
 .text.uxTaskGetNumberOfTasks
                0x000036c4       0x12 ./OS/FreeRTOS/tasks.o
                0x000036c4                uxTaskGetNumberOfTasks
 .text.pcTaskGetName
                0x000036d6       0x50 ./OS/FreeRTOS/tasks.o
                0x000036d6                pcTaskGetName
 .text.xTaskCatchUpTicks
                0x00003726       0x42 ./OS/FreeRTOS/tasks.o
                0x00003726                xTaskCatchUpTicks
 .text.xTaskIncrementTick
                0x00003768      0x1d2 ./OS/FreeRTOS/tasks.o
                0x00003768                xTaskIncrementTick
 .text.vTaskSwitchContext
                0x0000393a       0xda ./OS/FreeRTOS/tasks.o
                0x0000393a                vTaskSwitchContext
 .text.vTaskPlaceOnEventList
                0x00003a14       0x44 ./OS/FreeRTOS/tasks.o
                0x00003a14                vTaskPlaceOnEventList
 .text.vTaskPlaceOnUnorderedEventList
                0x00003a58       0x60 ./OS/FreeRTOS/tasks.o
                0x00003a58                vTaskPlaceOnUnorderedEventList
 .text.xTaskRemoveFromEventList
                0x00003ab8       0xd6 ./OS/FreeRTOS/tasks.o
                0x00003ab8                xTaskRemoveFromEventList
 .text.vTaskRemoveFromUnorderedEventList
                0x00003b8e       0xba ./OS/FreeRTOS/tasks.o
                0x00003b8e                vTaskRemoveFromUnorderedEventList
 .text.vTaskSetTimeOutState
                0x00003c48       0x3c ./OS/FreeRTOS/tasks.o
                0x00003c48                vTaskSetTimeOutState
 .text.vTaskInternalSetTimeOutState
                0x00003c84       0x32 ./OS/FreeRTOS/tasks.o
                0x00003c84                vTaskInternalSetTimeOutState
 .text.xTaskCheckForTimeOut
                0x00003cb6       0xda ./OS/FreeRTOS/tasks.o
                0x00003cb6                xTaskCheckForTimeOut
 .text.vTaskMissedYield
                0x00003d90       0x14 ./OS/FreeRTOS/tasks.o
                0x00003d90                vTaskMissedYield
 .text.prvIdleTask
                0x00003da4       0x14 ./OS/FreeRTOS/tasks.o
 .text.prvInitialiseTaskLists
                0x00003db8       0x82 ./OS/FreeRTOS/tasks.o
 .text.prvCheckTasksWaitingTermination
                0x00003e3a       0x5e ./OS/FreeRTOS/tasks.o
 .text.prvDeleteTCB
                0x00003e98       0x2c ./OS/FreeRTOS/tasks.o
 .text.prvResetNextTaskUnblockTime
                0x00003ec4       0x56 ./OS/FreeRTOS/tasks.o
 .text.uxTaskResetEventItemValue
                0x00003f1a       0x4e ./OS/FreeRTOS/tasks.o
                0x00003f1a                uxTaskResetEventItemValue
 .text.ulTaskNotifyTake
                0x00003f68       0xee ./OS/FreeRTOS/tasks.o
                0x00003f68                ulTaskNotifyTake
 .text.xTaskNotifyWait
                0x00004056      0x138 ./OS/FreeRTOS/tasks.o
                0x00004056                xTaskNotifyWait
 .text.xTaskGenericNotify
                0x0000418e      0x1ba ./OS/FreeRTOS/tasks.o
                0x0000418e                xTaskGenericNotify
 .text.xTaskGenericNotifyFromISR
                0x00004348      0x1f0 ./OS/FreeRTOS/tasks.o
                0x00004348                xTaskGenericNotifyFromISR
 .text.vTaskNotifyGiveFromISR
                0x00004538      0x10c ./OS/FreeRTOS/tasks.o
                0x00004538                vTaskNotifyGiveFromISR
 .text.xTaskNotifyStateClear
                0x00004644       0x74 ./OS/FreeRTOS/tasks.o
                0x00004644                xTaskNotifyStateClear
 .text.ulTaskNotifyValueClear
                0x000046b8       0xb6 ./OS/FreeRTOS/tasks.o
                0x000046b8                ulTaskNotifyValueClear
 .text.prvAddCurrentTaskToDelayedList
                0x0000476e       0xf8 ./OS/FreeRTOS/tasks.o
 .text.GIE_Enable
                0x00004866       0x1c ./MCAL/GIE/GIE_Program.o
                0x00004866                GIE_Enable
 .text.GIE_Disable
                0x00004882       0x1c ./MCAL/GIE/GIE_Program.o
                0x00004882                GIE_Disable
 .text.EXTI_EnableDisable
                0x0000489e       0xc8 ./MCAL/EXTI/EXTI_Program.o
                0x0000489e                EXTI_EnableDisable
 .text.EXTI_SetSenstivity
                0x00004966      0x200 ./MCAL/EXTI/EXTI_Program.o
                0x00004966                EXTI_SetSenstivity
 .text.EXTI_vSetCallBack
                0x00004b66       0x8c ./MCAL/EXTI/EXTI_Program.o
                0x00004b66                EXTI_vSetCallBack
 .text.__vector_1
                0x00004bf2       0x66 ./MCAL/EXTI/EXTI_Program.o
                0x00004bf2                __vector_1
 .text.MDIO_vSetPinDir
                0x00004c58      0x246 ./MCAL/DIO/DIO_Program.o
                0x00004c58                MDIO_vSetPinDir
 .text.MDIO_vSetPinVal
                0x00004e9e      0x246 ./MCAL/DIO/DIO_Program.o
                0x00004e9e                MDIO_vSetPinVal
 .text.MDIO_GetPinVal
                0x000050e4      0x102 ./MCAL/DIO/DIO_Program.o
                0x000050e4                MDIO_GetPinVal
 .text.MDIO_vTogglePinVal
                0x000051e6      0x10a ./MCAL/DIO/DIO_Program.o
                0x000051e6                MDIO_vTogglePinVal
 .text.MDIO_vSetPortDir
                0x000052f0       0x88 ./MCAL/DIO/DIO_Program.o
                0x000052f0                MDIO_vSetPortDir
 .text.MDIO_vSetPortVal
                0x00005378       0x88 ./MCAL/DIO/DIO_Program.o
                0x00005378                MDIO_vSetPortVal
 .text.MDIO_vInit
                0x00005400       0x44 ./MCAL/DIO/DIO_Program.o
                0x00005400                MDIO_vInit
 .text.LCD_InitPortDir
                0x00005444       0x34 ./HAL/LCD/LCD_Program.o
                0x00005444                LCD_InitPortDir
 .text.LCD_SendCommand
                0x00005478      0x13c ./HAL/LCD/LCD_Program.o
                0x00005478                LCD_SendCommand
 .text.LCD_SendData
                0x000055b4      0x13c ./HAL/LCD/LCD_Program.o
                0x000055b4                LCD_SendData
 .text.LCD_Init
                0x000056f0      0x4e4 ./HAL/LCD/LCD_Program.o
                0x000056f0                LCD_Init
 .text.LCD_SendString
                0x00005bd4       0x52 ./HAL/LCD/LCD_Program.o
                0x00005bd4                LCD_SendString
 .text.LCD_GoToXY
                0x00005c26       0x66 ./HAL/LCD/LCD_Program.o
                0x00005c26                LCD_GoToXY
 .text.LCD_ClearDisplay
                0x00005c8c      0x110 ./HAL/LCD/LCD_Program.o
                0x00005c8c                LCD_ClearDisplay
 .text.LCD_DisplayNumber
                0x00005d9c       0xb6 ./HAL/LCD/LCD_Program.o
                0x00005d9c                LCD_DisplayNumber
 .text.libgcc   0x00005e52       0x28 d:/diploma/imt_sdk_win_64/imt_sdk_win_64/winavr/bin/../lib/gcc/avr/4.3.3/avr5\libgcc.a(_udivmodhi4.o)
                0x00005e52                __udivmodhi4
 .text.libgcc   0x00005e7a        0x0 d:/diploma/imt_sdk_win_64/imt_sdk_win_64/winavr/bin/../lib/gcc/avr/4.3.3/avr5\libgcc.a(_exit.o)
 .text.libgcc   0x00005e7a        0x0 d:/diploma/imt_sdk_win_64/imt_sdk_win_64/winavr/bin/../lib/gcc/avr/4.3.3/avr5\libgcc.a(_copy_data.o)
 .text.libgcc   0x00005e7a        0x0 d:/diploma/imt_sdk_win_64/imt_sdk_win_64/winavr/bin/../lib/gcc/avr/4.3.3/avr5\libgcc.a(_clear_bss.o)
 .text.libgcc   0x00005e7a       0x38 d:/diploma/imt_sdk_win_64/imt_sdk_win_64/winavr/bin/../lib/gcc/avr/4.3.3/avr5\libgcc.a(_prologue.o)
                0x00005e7a                __prologue_saves__
 .text.libgcc   0x00005eb2       0x36 d:/diploma/imt_sdk_win_64/imt_sdk_win_64/winavr/bin/../lib/gcc/avr/4.3.3/avr5\libgcc.a(_epilogue.o)
                0x00005eb2                __epilogue_restores__
 .text.avr-libc
                0x00005ee8       0x12 d:/diploma/imt_sdk_win_64/imt_sdk_win_64/winavr/bin/../lib/gcc/avr/4.3.3/../../../../avr/lib/avr5\libc.a(memcpy.o)
                0x00005ee8                memcpy
                0x00005efa                . = ALIGN (0x2)
 *(.fini9)
 .fini9         0x00005efa        0x0 d:/diploma/imt_sdk_win_64/imt_sdk_win_64/winavr/bin/../lib/gcc/avr/4.3.3/avr5\libgcc.a(_exit.o)
                0x00005efa                exit
                0x00005efa                _exit
 *(.fini9)
 *(.fini8)
 *(.fini8)
 *(.fini7)
 *(.fini7)
 *(.fini6)
 *(.fini6)
 *(.fini5)
 *(.fini5)
 *(.fini4)
 *(.fini4)
 *(.fini3)
 *(.fini3)
 *(.fini2)
 *(.fini2)
 *(.fini1)
 *(.fini1)
 *(.fini0)
 .fini0         0x00005efa        0x4 d:/diploma/imt_sdk_win_64/imt_sdk_win_64/winavr/bin/../lib/gcc/avr/4.3.3/avr5\libgcc.a(_exit.o)
 *(.fini0)
                0x00005efe                _etext = .

.data           0x00800060       0x20 load address 0x00005efe
                0x00800060                PROVIDE (__data_start, .)
 *(.data)
 .data          0x00800060        0x0 d:/diploma/imt_sdk_win_64/imt_sdk_win_64/winavr/bin/../lib/gcc/avr/4.3.3/../../../../avr/lib/avr5/crtm32.o
 .data          0x00800060       0x12 ./Src/main.o
 .data          0x00800072        0x0 ./OS/FreeRTOS/croutine.o
 .data          0x00800072        0x0 ./OS/FreeRTOS/event_groups.o
 .data          0x00800072        0x0 ./OS/FreeRTOS/heap_1.o
 .data          0x00800072        0x0 ./OS/FreeRTOS/list.o
 .data          0x00800072        0x0 ./OS/FreeRTOS/port.o
 .data          0x00800072        0x0 ./OS/FreeRTOS/queue.o
 .data          0x00800072        0x5 ./OS/FreeRTOS/tasks.o
 .data          0x00800077        0x0 ./OS/FreeRTOS/timers.o
 .data          0x00800077        0x0 ./MCAL/GIE/GIE_Program.o
 .data          0x00800077        0x0 ./MCAL/EXTI/EXTI_Program.o
 .data          0x00800077        0x0 ./MCAL/DIO/DIO_Program.o
 .data          0x00800077        0x0 ./HAL/LCD/LCD_Program.o
 .data          0x00800077        0x0 d:/diploma/imt_sdk_win_64/imt_sdk_win_64/winavr/bin/../lib/gcc/avr/4.3.3/avr5\libgcc.a(_udivmodhi4.o)
 .data          0x00800077        0x0 d:/diploma/imt_sdk_win_64/imt_sdk_win_64/winavr/bin/../lib/gcc/avr/4.3.3/avr5\libgcc.a(_exit.o)
 .data          0x00800077        0x0 d:/diploma/imt_sdk_win_64/imt_sdk_win_64/winavr/bin/../lib/gcc/avr/4.3.3/avr5\libgcc.a(_copy_data.o)
 .data          0x00800077        0x0 d:/diploma/imt_sdk_win_64/imt_sdk_win_64/winavr/bin/../lib/gcc/avr/4.3.3/avr5\libgcc.a(_clear_bss.o)
 .data          0x00800077        0x0 d:/diploma/imt_sdk_win_64/imt_sdk_win_64/winavr/bin/../lib/gcc/avr/4.3.3/avr5\libgcc.a(_fixunssfsi.o)
 .data          0x00800077        0x0 d:/diploma/imt_sdk_win_64/imt_sdk_win_64/winavr/bin/../lib/gcc/avr/4.3.3/avr5\libgcc.a(_addsub_sf.o)
 .data          0x00800077        0x0 d:/diploma/imt_sdk_win_64/imt_sdk_win_64/winavr/bin/../lib/gcc/avr/4.3.3/avr5\libgcc.a(_mul_sf.o)
 .data          0x00800077        0x0 d:/diploma/imt_sdk_win_64/imt_sdk_win_64/winavr/bin/../lib/gcc/avr/4.3.3/avr5\libgcc.a(_gt_sf.o)
 .data          0x00800077        0x0 d:/diploma/imt_sdk_win_64/imt_sdk_win_64/winavr/bin/../lib/gcc/avr/4.3.3/avr5\libgcc.a(_ge_sf.o)
 .data          0x00800077        0x0 d:/diploma/imt_sdk_win_64/imt_sdk_win_64/winavr/bin/../lib/gcc/avr/4.3.3/avr5\libgcc.a(_lt_sf.o)
 .data          0x00800077        0x0 d:/diploma/imt_sdk_win_64/imt_sdk_win_64/winavr/bin/../lib/gcc/avr/4.3.3/avr5\libgcc.a(_sf_to_si.o)
 .data          0x00800077        0x8 d:/diploma/imt_sdk_win_64/imt_sdk_win_64/winavr/bin/../lib/gcc/avr/4.3.3/avr5\libgcc.a(_thenan_sf.o)
                0x00800077                __thenan_sf
 .data          0x0080007f        0x0 d:/diploma/imt_sdk_win_64/imt_sdk_win_64/winavr/bin/../lib/gcc/avr/4.3.3/avr5\libgcc.a(_prologue.o)
 .data          0x0080007f        0x0 d:/diploma/imt_sdk_win_64/imt_sdk_win_64/winavr/bin/../lib/gcc/avr/4.3.3/avr5\libgcc.a(_epilogue.o)
 .data          0x0080007f        0x0 d:/diploma/imt_sdk_win_64/imt_sdk_win_64/winavr/bin/../lib/gcc/avr/4.3.3/avr5\libgcc.a(_pack_sf.o)
 .data          0x0080007f        0x0 d:/diploma/imt_sdk_win_64/imt_sdk_win_64/winavr/bin/../lib/gcc/avr/4.3.3/avr5\libgcc.a(_unpack_sf.o)
 .data          0x0080007f        0x0 d:/diploma/imt_sdk_win_64/imt_sdk_win_64/winavr/bin/../lib/gcc/avr/4.3.3/avr5\libgcc.a(_fpcmp_parts_sf.o)
 .data          0x0080007f        0x0 d:/diploma/imt_sdk_win_64/imt_sdk_win_64/winavr/bin/../lib/gcc/avr/4.3.3/../../../../avr/lib/avr5\libc.a(memcpy.o)
 *(.data*)
 *(.rodata)
 *(.rodata*)
 *(.gnu.linkonce.d*)
                0x00800080                . = ALIGN (0x2)
 *fill*         0x0080007f        0x1 00
                0x00800080                _edata = .
                0x00800080                PROVIDE (__data_end, .)

.bss            0x00800080      0x464
                0x00800080                PROVIDE (__bss_start, .)
 *(.bss)
 .bss           0x00800080        0x0 d:/diploma/imt_sdk_win_64/imt_sdk_win_64/winavr/bin/../lib/gcc/avr/4.3.3/../../../../avr/lib/avr5/crtm32.o
 .bss           0x00800080        0x0 ./Src/main.o
 .bss           0x00800080        0x0 ./OS/FreeRTOS/croutine.o
 .bss           0x00800080        0x0 ./OS/FreeRTOS/event_groups.o
 .bss           0x00800080        0x0 ./OS/FreeRTOS/heap_1.o
 .bss           0x00800080        0x0 ./OS/FreeRTOS/list.o
 .bss           0x00800080        0x0 ./OS/FreeRTOS/port.o
 .bss           0x00800080        0x0 ./OS/FreeRTOS/queue.o
 .bss           0x00800080        0x0 ./OS/FreeRTOS/tasks.o
 .bss           0x00800080        0x0 ./OS/FreeRTOS/timers.o
 .bss           0x00800080        0x0 ./MCAL/GIE/GIE_Program.o
 .bss           0x00800080        0x0 ./MCAL/EXTI/EXTI_Program.o
 .bss           0x00800080        0x0 ./MCAL/DIO/DIO_Program.o
 .bss           0x00800080        0x0 ./HAL/LCD/LCD_Program.o
 .bss           0x00800080        0x0 d:/diploma/imt_sdk_win_64/imt_sdk_win_64/winavr/bin/../lib/gcc/avr/4.3.3/avr5\libgcc.a(_udivmodhi4.o)
 .bss           0x00800080        0x0 d:/diploma/imt_sdk_win_64/imt_sdk_win_64/winavr/bin/../lib/gcc/avr/4.3.3/avr5\libgcc.a(_exit.o)
 .bss           0x00800080        0x0 d:/diploma/imt_sdk_win_64/imt_sdk_win_64/winavr/bin/../lib/gcc/avr/4.3.3/avr5\libgcc.a(_copy_data.o)
 .bss           0x00800080        0x0 d:/diploma/imt_sdk_win_64/imt_sdk_win_64/winavr/bin/../lib/gcc/avr/4.3.3/avr5\libgcc.a(_clear_bss.o)
 .bss           0x00800080        0x0 d:/diploma/imt_sdk_win_64/imt_sdk_win_64/winavr/bin/../lib/gcc/avr/4.3.3/avr5\libgcc.a(_fixunssfsi.o)
 .bss           0x00800080        0x0 d:/diploma/imt_sdk_win_64/imt_sdk_win_64/winavr/bin/../lib/gcc/avr/4.3.3/avr5\libgcc.a(_addsub_sf.o)
 .bss           0x00800080        0x0 d:/diploma/imt_sdk_win_64/imt_sdk_win_64/winavr/bin/../lib/gcc/avr/4.3.3/avr5\libgcc.a(_mul_sf.o)
 .bss           0x00800080        0x0 d:/diploma/imt_sdk_win_64/imt_sdk_win_64/winavr/bin/../lib/gcc/avr/4.3.3/avr5\libgcc.a(_gt_sf.o)
 .bss           0x00800080        0x0 d:/diploma/imt_sdk_win_64/imt_sdk_win_64/winavr/bin/../lib/gcc/avr/4.3.3/avr5\libgcc.a(_ge_sf.o)
 .bss           0x00800080        0x0 d:/diploma/imt_sdk_win_64/imt_sdk_win_64/winavr/bin/../lib/gcc/avr/4.3.3/avr5\libgcc.a(_lt_sf.o)
 .bss           0x00800080        0x0 d:/diploma/imt_sdk_win_64/imt_sdk_win_64/winavr/bin/../lib/gcc/avr/4.3.3/avr5\libgcc.a(_sf_to_si.o)
 .bss           0x00800080        0x0 d:/diploma/imt_sdk_win_64/imt_sdk_win_64/winavr/bin/../lib/gcc/avr/4.3.3/avr5\libgcc.a(_thenan_sf.o)
 .bss           0x00800080        0x0 d:/diploma/imt_sdk_win_64/imt_sdk_win_64/winavr/bin/../lib/gcc/avr/4.3.3/avr5\libgcc.a(_prologue.o)
 .bss           0x00800080        0x0 d:/diploma/imt_sdk_win_64/imt_sdk_win_64/winavr/bin/../lib/gcc/avr/4.3.3/avr5\libgcc.a(_epilogue.o)
 .bss           0x00800080        0x0 d:/diploma/imt_sdk_win_64/imt_sdk_win_64/winavr/bin/../lib/gcc/avr/4.3.3/avr5\libgcc.a(_pack_sf.o)
 .bss           0x00800080        0x0 d:/diploma/imt_sdk_win_64/imt_sdk_win_64/winavr/bin/../lib/gcc/avr/4.3.3/avr5\libgcc.a(_unpack_sf.o)
 .bss           0x00800080        0x0 d:/diploma/imt_sdk_win_64/imt_sdk_win_64/winavr/bin/../lib/gcc/avr/4.3.3/avr5\libgcc.a(_fpcmp_parts_sf.o)
 .bss           0x00800080        0x0 d:/diploma/imt_sdk_win_64/imt_sdk_win_64/winavr/bin/../lib/gcc/avr/4.3.3/../../../../avr/lib/avr5\libc.a(memcpy.o)
 *(.bss*)
 .bss.xNextFreeByte
                0x00800080        0x2 ./OS/FreeRTOS/heap_1.o
 .bss.pucAlignedHeap.1661
                0x00800082        0x2 ./OS/FreeRTOS/heap_1.o
 .bss.ucHeap    0x00800084      0x3e8 ./OS/FreeRTOS/heap_1.o
 .bss.pxCurrentTCB
                0x0080046c        0x2 ./OS/FreeRTOS/tasks.o
                0x0080046c                pxCurrentTCB
 .bss.uxDeletedTasksWaitingCleanUp
                0x0080046e        0x1 ./OS/FreeRTOS/tasks.o
 .bss.uxCurrentNumberOfTasks
                0x0080046f        0x1 ./OS/FreeRTOS/tasks.o
 .bss.xTickCount
                0x00800470        0x2 ./OS/FreeRTOS/tasks.o
 .bss.uxTopReadyPriority
                0x00800472        0x1 ./OS/FreeRTOS/tasks.o
 .bss.xSchedulerRunning
                0x00800473        0x1 ./OS/FreeRTOS/tasks.o
 .bss.xPendedTicks
                0x00800474        0x2 ./OS/FreeRTOS/tasks.o
 .bss.xYieldPending
                0x00800476        0x1 ./OS/FreeRTOS/tasks.o
 .bss.xNumOfOverflows
                0x00800477        0x1 ./OS/FreeRTOS/tasks.o
 .bss.uxTaskNumber
                0x00800478        0x1 ./OS/FreeRTOS/tasks.o
 .bss.xNextTaskUnblockTime
                0x00800479        0x2 ./OS/FreeRTOS/tasks.o
 .bss.xIdleTaskHandle
                0x0080047b        0x2 ./OS/FreeRTOS/tasks.o
 .bss.uxSchedulerSuspended
                0x0080047d        0x1 ./OS/FreeRTOS/tasks.o
 .bss.pxReadyTasksLists
                0x0080047e       0x2d ./OS/FreeRTOS/tasks.o
 .bss.xDelayedTaskList1
                0x008004ab        0x9 ./OS/FreeRTOS/tasks.o
 .bss.xDelayedTaskList2
                0x008004b4        0x9 ./OS/FreeRTOS/tasks.o
 .bss.pxDelayedTaskList
                0x008004bd        0x2 ./OS/FreeRTOS/tasks.o
 .bss.pxOverflowDelayedTaskList
                0x008004bf        0x2 ./OS/FreeRTOS/tasks.o
 .bss.xPendingReadyList
                0x008004c1        0x9 ./OS/FreeRTOS/tasks.o
 .bss.xTasksWaitingTermination
                0x008004ca        0x9 ./OS/FreeRTOS/tasks.o
 .bss.xSuspendedTaskList
                0x008004d3        0x9 ./OS/FreeRTOS/tasks.o
 .bss.EXTI0_CallBack
                0x008004dc        0x2 ./MCAL/EXTI/EXTI_Program.o
                0x008004dc                EXTI0_CallBack
 .bss.EXTI1_CallBack
                0x008004de        0x2 ./MCAL/EXTI/EXTI_Program.o
                0x008004de                EXTI1_CallBack
 .bss.EXTI2_CallBack
                0x008004e0        0x2 ./MCAL/EXTI/EXTI_Program.o
                0x008004e0                EXTI2_CallBack
 *(COMMON)
 COMMON         0x008004e2        0x2 ./Src/main.o
                0x008004e2                xSemaphore
                0x008004e4                PROVIDE (__bss_end, .)
                0x00005efe                __data_load_start = LOADADDR (.data)
                0x00005f1e                __data_load_end = (__data_load_start + SIZEOF (.data))

.noinit         0x008004e4        0x0
                0x008004e4                PROVIDE (__noinit_start, .)
 *(.noinit*)
                0x008004e4                PROVIDE (__noinit_end, .)
                0x008004e4                _end = .
                0x008004e4                PROVIDE (__heap_start, .)

.eeprom         0x00810000        0x0
 *(.eeprom*)
                0x00810000                __eeprom_end = .

.fuse
 *(.fuse)
 *(.lfuse)
 *(.hfuse)
 *(.efuse)

.lock
 *(.lock*)

.signature
 *(.signature*)

.stab           0x00000000     0x8634
 *(.stab)
 .stab          0x00000000      0x93c ./Src/main.o
 .stab          0x0000093c      0x45c ./OS/FreeRTOS/croutine.o
                                0x648 (size before relaxing)
 .stab          0x00000d98      0xdf8 ./OS/FreeRTOS/event_groups.o
                               0x1134 (size before relaxing)
 .stab          0x00001b90      0x30c ./OS/FreeRTOS/heap_1.o
                                0x7d4 (size before relaxing)
 .stab          0x00001e9c      0x474 ./OS/FreeRTOS/list.o
                                0x870 (size before relaxing)
 .stab          0x00002310      0x840 ./OS/FreeRTOS/port.o
                                0xcfc (size before relaxing)
 .stab          0x00002b50     0x1a88 ./OS/FreeRTOS/queue.o
                               0x1f50 (size before relaxing)
 .stab          0x000045d8     0x27fc ./OS/FreeRTOS/tasks.o
                               0x2cf4 (size before relaxing)
 .stab          0x00006dd4      0x1a4 ./OS/FreeRTOS/timers.o
                                0x6cc (size before relaxing)
 .stab          0x00006f78      0x180 ./MCAL/GIE/GIE_Program.o
                                0x27c (size before relaxing)
 .stab          0x000070f8      0x450 ./MCAL/EXTI/EXTI_Program.o
                                0x54c (size before relaxing)
 .stab          0x00007548      0x684 ./MCAL/DIO/DIO_Program.o
                                0x690 (size before relaxing)
 .stab          0x00007bcc      0xa68 ./HAL/LCD/LCD_Program.o
                                0xce4 (size before relaxing)

.stabstr        0x00000000     0x5b38
 *(.stabstr)
 .stabstr       0x00000000     0x5b38 ./Src/main.o

.stab.excl
 *(.stab.excl)

.stab.exclstr
 *(.stab.exclstr)

.stab.index
 *(.stab.index)

.stab.indexstr
 *(.stab.indexstr)

.comment
 *(.comment)

.debug
 *(.debug)

.line
 *(.line)

.debug_srcinfo
 *(.debug_srcinfo)

.debug_sfnames
 *(.debug_sfnames)

.debug_aranges  0x00000000      0x140
 *(.debug_aranges)
 .debug_aranges
                0x00000000       0x20 d:/diploma/imt_sdk_win_64/imt_sdk_win_64/winavr/bin/../lib/gcc/avr/4.3.3/avr5\libgcc.a(_fixunssfsi.o)
 .debug_aranges
                0x00000020       0x20 d:/diploma/imt_sdk_win_64/imt_sdk_win_64/winavr/bin/../lib/gcc/avr/4.3.3/avr5\libgcc.a(_addsub_sf.o)
 .debug_aranges
                0x00000040       0x20 d:/diploma/imt_sdk_win_64/imt_sdk_win_64/winavr/bin/../lib/gcc/avr/4.3.3/avr5\libgcc.a(_mul_sf.o)
 .debug_aranges
                0x00000060       0x20 d:/diploma/imt_sdk_win_64/imt_sdk_win_64/winavr/bin/../lib/gcc/avr/4.3.3/avr5\libgcc.a(_gt_sf.o)
 .debug_aranges
                0x00000080       0x20 d:/diploma/imt_sdk_win_64/imt_sdk_win_64/winavr/bin/../lib/gcc/avr/4.3.3/avr5\libgcc.a(_ge_sf.o)
 .debug_aranges
                0x000000a0       0x20 d:/diploma/imt_sdk_win_64/imt_sdk_win_64/winavr/bin/../lib/gcc/avr/4.3.3/avr5\libgcc.a(_lt_sf.o)
 .debug_aranges
                0x000000c0       0x20 d:/diploma/imt_sdk_win_64/imt_sdk_win_64/winavr/bin/../lib/gcc/avr/4.3.3/avr5\libgcc.a(_sf_to_si.o)
 .debug_aranges
                0x000000e0       0x20 d:/diploma/imt_sdk_win_64/imt_sdk_win_64/winavr/bin/../lib/gcc/avr/4.3.3/avr5\libgcc.a(_pack_sf.o)
 .debug_aranges
                0x00000100       0x20 d:/diploma/imt_sdk_win_64/imt_sdk_win_64/winavr/bin/../lib/gcc/avr/4.3.3/avr5\libgcc.a(_unpack_sf.o)
 .debug_aranges
                0x00000120       0x20 d:/diploma/imt_sdk_win_64/imt_sdk_win_64/winavr/bin/../lib/gcc/avr/4.3.3/avr5\libgcc.a(_fpcmp_parts_sf.o)

.debug_pubnames
                0x00000000      0x170
 *(.debug_pubnames)
 .debug_pubnames
                0x00000000       0x23 d:/diploma/imt_sdk_win_64/imt_sdk_win_64/winavr/bin/../lib/gcc/avr/4.3.3/avr5\libgcc.a(_fixunssfsi.o)
 .debug_pubnames
                0x00000023       0x2c d:/diploma/imt_sdk_win_64/imt_sdk_win_64/winavr/bin/../lib/gcc/avr/4.3.3/avr5\libgcc.a(_addsub_sf.o)
 .debug_pubnames
                0x0000004f       0x1f d:/diploma/imt_sdk_win_64/imt_sdk_win_64/winavr/bin/../lib/gcc/avr/4.3.3/avr5\libgcc.a(_mul_sf.o)
 .debug_pubnames
                0x0000006e       0x1e d:/diploma/imt_sdk_win_64/imt_sdk_win_64/winavr/bin/../lib/gcc/avr/4.3.3/avr5\libgcc.a(_gt_sf.o)
 .debug_pubnames
                0x0000008c       0x1e d:/diploma/imt_sdk_win_64/imt_sdk_win_64/winavr/bin/../lib/gcc/avr/4.3.3/avr5\libgcc.a(_ge_sf.o)
 .debug_pubnames
                0x000000aa       0x1e d:/diploma/imt_sdk_win_64/imt_sdk_win_64/winavr/bin/../lib/gcc/avr/4.3.3/avr5\libgcc.a(_lt_sf.o)
 .debug_pubnames
                0x000000c8       0x20 d:/diploma/imt_sdk_win_64/imt_sdk_win_64/winavr/bin/../lib/gcc/avr/4.3.3/avr5\libgcc.a(_sf_to_si.o)
 .debug_pubnames
                0x000000e8       0x22 d:/diploma/imt_sdk_win_64/imt_sdk_win_64/winavr/bin/../lib/gcc/avr/4.3.3/avr5\libgcc.a(_thenan_sf.o)
 .debug_pubnames
                0x0000010a       0x1f d:/diploma/imt_sdk_win_64/imt_sdk_win_64/winavr/bin/../lib/gcc/avr/4.3.3/avr5\libgcc.a(_pack_sf.o)
 .debug_pubnames
                0x00000129       0x21 d:/diploma/imt_sdk_win_64/imt_sdk_win_64/winavr/bin/../lib/gcc/avr/4.3.3/avr5\libgcc.a(_unpack_sf.o)
 .debug_pubnames
                0x0000014a       0x26 d:/diploma/imt_sdk_win_64/imt_sdk_win_64/winavr/bin/../lib/gcc/avr/4.3.3/avr5\libgcc.a(_fpcmp_parts_sf.o)

.debug_info     0x00000000     0x1c49
 *(.debug_info)
 .debug_info    0x00000000       0xb1 d:/diploma/imt_sdk_win_64/imt_sdk_win_64/winavr/bin/../lib/gcc/avr/4.3.3/avr5\libgcc.a(_fixunssfsi.o)
 .debug_info    0x000000b1      0x47a d:/diploma/imt_sdk_win_64/imt_sdk_win_64/winavr/bin/../lib/gcc/avr/4.3.3/avr5\libgcc.a(_addsub_sf.o)
 .debug_info    0x0000052b      0x485 d:/diploma/imt_sdk_win_64/imt_sdk_win_64/winavr/bin/../lib/gcc/avr/4.3.3/avr5\libgcc.a(_mul_sf.o)
 .debug_info    0x000009b0      0x27f d:/diploma/imt_sdk_win_64/imt_sdk_win_64/winavr/bin/../lib/gcc/avr/4.3.3/avr5\libgcc.a(_gt_sf.o)
 .debug_info    0x00000c2f      0x27f d:/diploma/imt_sdk_win_64/imt_sdk_win_64/winavr/bin/../lib/gcc/avr/4.3.3/avr5\libgcc.a(_ge_sf.o)
 .debug_info    0x00000eae      0x27f d:/diploma/imt_sdk_win_64/imt_sdk_win_64/winavr/bin/../lib/gcc/avr/4.3.3/avr5\libgcc.a(_lt_sf.o)
 .debug_info    0x0000112d      0x2b0 d:/diploma/imt_sdk_win_64/imt_sdk_win_64/winavr/bin/../lib/gcc/avr/4.3.3/avr5\libgcc.a(_sf_to_si.o)
 .debug_info    0x000013dd      0x12c d:/diploma/imt_sdk_win_64/imt_sdk_win_64/winavr/bin/../lib/gcc/avr/4.3.3/avr5\libgcc.a(_thenan_sf.o)
 .debug_info    0x00001509      0x2df d:/diploma/imt_sdk_win_64/imt_sdk_win_64/winavr/bin/../lib/gcc/avr/4.3.3/avr5\libgcc.a(_pack_sf.o)
 .debug_info    0x000017e8      0x251 d:/diploma/imt_sdk_win_64/imt_sdk_win_64/winavr/bin/../lib/gcc/avr/4.3.3/avr5\libgcc.a(_unpack_sf.o)
 .debug_info    0x00001a39      0x210 d:/diploma/imt_sdk_win_64/imt_sdk_win_64/winavr/bin/../lib/gcc/avr/4.3.3/avr5\libgcc.a(_fpcmp_parts_sf.o)
 *(.gnu.linkonce.wi.*)

.debug_abbrev   0x00000000      0xeeb
 *(.debug_abbrev)
 .debug_abbrev  0x00000000       0x5d d:/diploma/imt_sdk_win_64/imt_sdk_win_64/winavr/bin/../lib/gcc/avr/4.3.3/avr5\libgcc.a(_fixunssfsi.o)
 .debug_abbrev  0x0000005d      0x1ea d:/diploma/imt_sdk_win_64/imt_sdk_win_64/winavr/bin/../lib/gcc/avr/4.3.3/avr5\libgcc.a(_addsub_sf.o)
 .debug_abbrev  0x00000247      0x21b d:/diploma/imt_sdk_win_64/imt_sdk_win_64/winavr/bin/../lib/gcc/avr/4.3.3/avr5\libgcc.a(_mul_sf.o)
 .debug_abbrev  0x00000462      0x15a d:/diploma/imt_sdk_win_64/imt_sdk_win_64/winavr/bin/../lib/gcc/avr/4.3.3/avr5\libgcc.a(_gt_sf.o)
 .debug_abbrev  0x000005bc      0x15a d:/diploma/imt_sdk_win_64/imt_sdk_win_64/winavr/bin/../lib/gcc/avr/4.3.3/avr5\libgcc.a(_ge_sf.o)
 .debug_abbrev  0x00000716      0x15a d:/diploma/imt_sdk_win_64/imt_sdk_win_64/winavr/bin/../lib/gcc/avr/4.3.3/avr5\libgcc.a(_lt_sf.o)
 .debug_abbrev  0x00000870      0x17f d:/diploma/imt_sdk_win_64/imt_sdk_win_64/winavr/bin/../lib/gcc/avr/4.3.3/avr5\libgcc.a(_sf_to_si.o)
 .debug_abbrev  0x000009ef       0xad d:/diploma/imt_sdk_win_64/imt_sdk_win_64/winavr/bin/../lib/gcc/avr/4.3.3/avr5\libgcc.a(_thenan_sf.o)
 .debug_abbrev  0x00000a9c      0x1c0 d:/diploma/imt_sdk_win_64/imt_sdk_win_64/winavr/bin/../lib/gcc/avr/4.3.3/avr5\libgcc.a(_pack_sf.o)
 .debug_abbrev  0x00000c5c      0x154 d:/diploma/imt_sdk_win_64/imt_sdk_win_64/winavr/bin/../lib/gcc/avr/4.3.3/avr5\libgcc.a(_unpack_sf.o)
 .debug_abbrev  0x00000db0      0x13b d:/diploma/imt_sdk_win_64/imt_sdk_win_64/winavr/bin/../lib/gcc/avr/4.3.3/avr5\libgcc.a(_fpcmp_parts_sf.o)

.debug_line     0x00000000      0xdad
 *(.debug_line)
 .debug_line    0x00000000       0xa7 d:/diploma/imt_sdk_win_64/imt_sdk_win_64/winavr/bin/../lib/gcc/avr/4.3.3/avr5\libgcc.a(_fixunssfsi.o)
 .debug_line    0x000000a7      0x2af d:/diploma/imt_sdk_win_64/imt_sdk_win_64/winavr/bin/../lib/gcc/avr/4.3.3/avr5\libgcc.a(_addsub_sf.o)
 .debug_line    0x00000356      0x239 d:/diploma/imt_sdk_win_64/imt_sdk_win_64/winavr/bin/../lib/gcc/avr/4.3.3/avr5\libgcc.a(_mul_sf.o)
 .debug_line    0x0000058f       0xd3 d:/diploma/imt_sdk_win_64/imt_sdk_win_64/winavr/bin/../lib/gcc/avr/4.3.3/avr5\libgcc.a(_gt_sf.o)
 .debug_line    0x00000662       0xd3 d:/diploma/imt_sdk_win_64/imt_sdk_win_64/winavr/bin/../lib/gcc/avr/4.3.3/avr5\libgcc.a(_ge_sf.o)
 .debug_line    0x00000735       0xd3 d:/diploma/imt_sdk_win_64/imt_sdk_win_64/winavr/bin/../lib/gcc/avr/4.3.3/avr5\libgcc.a(_lt_sf.o)
 .debug_line    0x00000808      0x109 d:/diploma/imt_sdk_win_64/imt_sdk_win_64/winavr/bin/../lib/gcc/avr/4.3.3/avr5\libgcc.a(_sf_to_si.o)
 .debug_line    0x00000911       0x90 d:/diploma/imt_sdk_win_64/imt_sdk_win_64/winavr/bin/../lib/gcc/avr/4.3.3/avr5\libgcc.a(_thenan_sf.o)
 .debug_line    0x000009a1      0x18a d:/diploma/imt_sdk_win_64/imt_sdk_win_64/winavr/bin/../lib/gcc/avr/4.3.3/avr5\libgcc.a(_pack_sf.o)
 .debug_line    0x00000b2b      0x14b d:/diploma/imt_sdk_win_64/imt_sdk_win_64/winavr/bin/../lib/gcc/avr/4.3.3/avr5\libgcc.a(_unpack_sf.o)
 .debug_line    0x00000c76      0x137 d:/diploma/imt_sdk_win_64/imt_sdk_win_64/winavr/bin/../lib/gcc/avr/4.3.3/avr5\libgcc.a(_fpcmp_parts_sf.o)

.debug_frame    0x00000000      0x160
 *(.debug_frame)
 .debug_frame   0x00000000       0x20 d:/diploma/imt_sdk_win_64/imt_sdk_win_64/winavr/bin/../lib/gcc/avr/4.3.3/avr5\libgcc.a(_fixunssfsi.o)
 .debug_frame   0x00000020       0x40 d:/diploma/imt_sdk_win_64/imt_sdk_win_64/winavr/bin/../lib/gcc/avr/4.3.3/avr5\libgcc.a(_addsub_sf.o)
 .debug_frame   0x00000060       0x20 d:/diploma/imt_sdk_win_64/imt_sdk_win_64/winavr/bin/../lib/gcc/avr/4.3.3/avr5\libgcc.a(_mul_sf.o)
 .debug_frame   0x00000080       0x20 d:/diploma/imt_sdk_win_64/imt_sdk_win_64/winavr/bin/../lib/gcc/avr/4.3.3/avr5\libgcc.a(_gt_sf.o)
 .debug_frame   0x000000a0       0x20 d:/diploma/imt_sdk_win_64/imt_sdk_win_64/winavr/bin/../lib/gcc/avr/4.3.3/avr5\libgcc.a(_ge_sf.o)
 .debug_frame   0x000000c0       0x20 d:/diploma/imt_sdk_win_64/imt_sdk_win_64/winavr/bin/../lib/gcc/avr/4.3.3/avr5\libgcc.a(_lt_sf.o)
 .debug_frame   0x000000e0       0x20 d:/diploma/imt_sdk_win_64/imt_sdk_win_64/winavr/bin/../lib/gcc/avr/4.3.3/avr5\libgcc.a(_sf_to_si.o)
 .debug_frame   0x00000100       0x20 d:/diploma/imt_sdk_win_64/imt_sdk_win_64/winavr/bin/../lib/gcc/avr/4.3.3/avr5\libgcc.a(_pack_sf.o)
 .debug_frame   0x00000120       0x20 d:/diploma/imt_sdk_win_64/imt_sdk_win_64/winavr/bin/../lib/gcc/avr/4.3.3/avr5\libgcc.a(_unpack_sf.o)
 .debug_frame   0x00000140       0x20 d:/diploma/imt_sdk_win_64/imt_sdk_win_64/winavr/bin/../lib/gcc/avr/4.3.3/avr5\libgcc.a(_fpcmp_parts_sf.o)

.debug_str      0x00000000      0x28d
 *(.debug_str)
 .debug_str     0x00000000       0xbf d:/diploma/imt_sdk_win_64/imt_sdk_win_64/winavr/bin/../lib/gcc/avr/4.3.3/avr5\libgcc.a(_fixunssfsi.o)
                                 0xfe (size before relaxing)
 .debug_str     0x000000bf      0x14d d:/diploma/imt_sdk_win_64/imt_sdk_win_64/winavr/bin/../lib/gcc/avr/4.3.3/avr5\libgcc.a(_addsub_sf.o)
                                0x206 (size before relaxing)
 .debug_str     0x0000020c       0x27 d:/diploma/imt_sdk_win_64/imt_sdk_win_64/winavr/bin/../lib/gcc/avr/4.3.3/avr5\libgcc.a(_mul_sf.o)
                                0x1bf (size before relaxing)
 .debug_str     0x00000233        0xf d:/diploma/imt_sdk_win_64/imt_sdk_win_64/winavr/bin/../lib/gcc/avr/4.3.3/avr5\libgcc.a(_gt_sf.o)
                                0x195 (size before relaxing)
 .debug_str     0x00000242        0x8 d:/diploma/imt_sdk_win_64/imt_sdk_win_64/winavr/bin/../lib/gcc/avr/4.3.3/avr5\libgcc.a(_ge_sf.o)
                                0x195 (size before relaxing)
 .debug_str     0x0000024a        0x8 d:/diploma/imt_sdk_win_64/imt_sdk_win_64/winavr/bin/../lib/gcc/avr/4.3.3/avr5\libgcc.a(_lt_sf.o)
                                0x195 (size before relaxing)
 .debug_str     0x00000252        0xa d:/diploma/imt_sdk_win_64/imt_sdk_win_64/winavr/bin/../lib/gcc/avr/4.3.3/avr5\libgcc.a(_sf_to_si.o)
                                0x19e (size before relaxing)
 .debug_str     0x00000000      0x103 d:/diploma/imt_sdk_win_64/imt_sdk_win_64/winavr/bin/../lib/gcc/avr/4.3.3/avr5\libgcc.a(_thenan_sf.o)
 .debug_str     0x0000025c       0x16 d:/diploma/imt_sdk_win_64/imt_sdk_win_64/winavr/bin/../lib/gcc/avr/4.3.3/avr5\libgcc.a(_pack_sf.o)
                                0x19d (size before relaxing)
 .debug_str     0x00000272        0xb d:/diploma/imt_sdk_win_64/imt_sdk_win_64/winavr/bin/../lib/gcc/avr/4.3.3/avr5\libgcc.a(_unpack_sf.o)
                                0x17f (size before relaxing)
 .debug_str     0x0000027d       0x10 d:/diploma/imt_sdk_win_64/imt_sdk_win_64/winavr/bin/../lib/gcc/avr/4.3.3/avr5\libgcc.a(_fpcmp_parts_sf.o)
                                0x163 (size before relaxing)

.debug_loc      0x00000000      0x7ce
 *(.debug_loc)
 .debug_loc     0x00000000       0x34 d:/diploma/imt_sdk_win_64/imt_sdk_win_64/winavr/bin/../lib/gcc/avr/4.3.3/avr5\libgcc.a(_fixunssfsi.o)
 .debug_loc     0x00000034      0x32a d:/diploma/imt_sdk_win_64/imt_sdk_win_64/winavr/bin/../lib/gcc/avr/4.3.3/avr5\libgcc.a(_addsub_sf.o)
 .debug_loc     0x0000035e      0x104 d:/diploma/imt_sdk_win_64/imt_sdk_win_64/winavr/bin/../lib/gcc/avr/4.3.3/avr5\libgcc.a(_mul_sf.o)
 .debug_loc     0x00000462       0x3c d:/diploma/imt_sdk_win_64/imt_sdk_win_64/winavr/bin/../lib/gcc/avr/4.3.3/avr5\libgcc.a(_gt_sf.o)
 .debug_loc     0x0000049e       0x3c d:/diploma/imt_sdk_win_64/imt_sdk_win_64/winavr/bin/../lib/gcc/avr/4.3.3/avr5\libgcc.a(_ge_sf.o)
 .debug_loc     0x000004da       0x3c d:/diploma/imt_sdk_win_64/imt_sdk_win_64/winavr/bin/../lib/gcc/avr/4.3.3/avr5\libgcc.a(_lt_sf.o)
 .debug_loc     0x00000516       0x7e d:/diploma/imt_sdk_win_64/imt_sdk_win_64/winavr/bin/../lib/gcc/avr/4.3.3/avr5\libgcc.a(_sf_to_si.o)
 .debug_loc     0x00000594      0x13e d:/diploma/imt_sdk_win_64/imt_sdk_win_64/winavr/bin/../lib/gcc/avr/4.3.3/avr5\libgcc.a(_pack_sf.o)
 .debug_loc     0x000006d2       0xac d:/diploma/imt_sdk_win_64/imt_sdk_win_64/winavr/bin/../lib/gcc/avr/4.3.3/avr5\libgcc.a(_unpack_sf.o)
 .debug_loc     0x0000077e       0x50 d:/diploma/imt_sdk_win_64/imt_sdk_win_64/winavr/bin/../lib/gcc/avr/4.3.3/avr5\libgcc.a(_fpcmp_parts_sf.o)

.debug_macinfo
 *(.debug_macinfo)
OUTPUT(ITI_Day24.elf elf32-avr)
LOAD linker stubs

.debug_ranges   0x00000000       0x50
 .debug_ranges  0x00000000       0x50 d:/diploma/imt_sdk_win_64/imt_sdk_win_64/winavr/bin/../lib/gcc/avr/4.3.3/avr5\libgcc.a(_mul_sf.o)
