Archive member included because of file (symbol)

d:/diploma/imt_sdk_win_64/imt_sdk_win_64/winavr/bin/../lib/gcc/avr/4.3.3/avr5\libgcc.a(_exit.o)
                              d:/diploma/imt_sdk_win_64/imt_sdk_win_64/winavr/bin/../lib/gcc/avr/4.3.3/../../../../avr/lib/avr5/crtm32.o (exit)
d:/diploma/imt_sdk_win_64/imt_sdk_win_64/winavr/bin/../lib/gcc/avr/4.3.3/avr5\libgcc.a(_clear_bss.o)
                              ./Src/main.o (__do_clear_bss)

Memory Configuration

Name             Origin             Length             Attributes
text             0x00000000         0x00020000         xr
data             0x00800060         0x0000ffa0         rw !x
eeprom           0x00810000         0x00010000         rw !x
fuse             0x00820000         0x00000400         rw !x
lock             0x00830000         0x00000400         rw !x
signature        0x00840000         0x00000400         rw !x
*default*        0x00000000         0xffffffff

Linker script and memory map

LOAD d:/diploma/imt_sdk_win_64/imt_sdk_win_64/winavr/bin/../lib/gcc/avr/4.3.3/../../../../avr/lib/avr5/crtm32.o
LOAD ./Src/main.o
LOAD ./MCAL/TIMER/TIMER_Program.o
LOAD ./MCAL/GIE/GIE_Program.o
LOAD ./MCAL/EXTI/EXTI_Program.o
LOAD ./MCAL/DIO/DIO_Program.o
LOAD ./MCAL/ADC/ADC_Program.o
LOAD d:/diploma/imt_sdk_win_64/imt_sdk_win_64/winavr/bin/../lib/gcc/avr/4.3.3/avr5\libgcc.a
LOAD d:/diploma/imt_sdk_win_64/imt_sdk_win_64/winavr/bin/../lib/gcc/avr/4.3.3/../../../../avr/lib/avr5\libc.a
LOAD d:/diploma/imt_sdk_win_64/imt_sdk_win_64/winavr/bin/../lib/gcc/avr/4.3.3/avr5\libgcc.a

.hash
 *(.hash)

.dynsym
 *(.dynsym)

.dynstr
 *(.dynstr)

.gnu.version
 *(.gnu.version)

.gnu.version_d
 *(.gnu.version_d)

.gnu.version_r
 *(.gnu.version_r)

.rel.init
 *(.rel.init)

.rela.init
 *(.rela.init)

.rel.text
 *(.rel.text)
 *(.rel.text.*)
 *(.rel.gnu.linkonce.t*)

.rela.text
 *(.rela.text)
 *(.rela.text.*)
 *(.rela.gnu.linkonce.t*)

.rel.fini
 *(.rel.fini)

.rela.fini
 *(.rela.fini)

.rel.rodata
 *(.rel.rodata)
 *(.rel.rodata.*)
 *(.rel.gnu.linkonce.r*)

.rela.rodata
 *(.rela.rodata)
 *(.rela.rodata.*)
 *(.rela.gnu.linkonce.r*)

.rel.data
 *(.rel.data)
 *(.rel.data.*)
 *(.rel.gnu.linkonce.d*)

.rela.data
 *(.rela.data)
 *(.rela.data.*)
 *(.rela.gnu.linkonce.d*)

.rel.ctors
 *(.rel.ctors)

.rela.ctors
 *(.rela.ctors)

.rel.dtors
 *(.rel.dtors)

.rela.dtors
 *(.rela.dtors)

.rel.got
 *(.rel.got)

.rela.got
 *(.rela.got)

.rel.bss
 *(.rel.bss)

.rela.bss
 *(.rela.bss)

.rel.plt
 *(.rel.plt)

.rela.plt
 *(.rela.plt)

.text           0x00000000      0xfce
 *(.vectors)
 .vectors       0x00000000       0x54 d:/diploma/imt_sdk_win_64/imt_sdk_win_64/winavr/bin/../lib/gcc/avr/4.3.3/../../../../avr/lib/avr5/crtm32.o
                0x00000000                __vectors
                0x00000000                __vector_default
 *(.vectors)
 *(.progmem.gcc*)
 *(.progmem*)
                0x00000054                . = ALIGN (0x2)
                0x00000054                __trampolines_start = .
 *(.trampolines)
 .trampolines   0x00000054        0x0 linker stubs
 *(.trampolines*)
                0x00000054                __trampolines_end = .
 *(.jumptables)
 *(.jumptables*)
 *(.lowtext)
 *(.lowtext*)
                0x00000054                __ctors_start = .
 *(.ctors)
                0x00000054                __ctors_end = .
                0x00000054                __dtors_start = .
 *(.dtors)
                0x00000054                __dtors_end = .
 SORT(*)(.ctors)
 SORT(*)(.dtors)
 *(.init0)
 .init0         0x00000054        0x0 d:/diploma/imt_sdk_win_64/imt_sdk_win_64/winavr/bin/../lib/gcc/avr/4.3.3/../../../../avr/lib/avr5/crtm32.o
                0x00000054                __init
 *(.init0)
 *(.init1)
 *(.init1)
 *(.init2)
 .init2         0x00000054        0xc d:/diploma/imt_sdk_win_64/imt_sdk_win_64/winavr/bin/../lib/gcc/avr/4.3.3/../../../../avr/lib/avr5/crtm32.o
 *(.init2)
 *(.init3)
 *(.init3)
 *(.init4)
 .init4         0x00000060       0x10 d:/diploma/imt_sdk_win_64/imt_sdk_win_64/winavr/bin/../lib/gcc/avr/4.3.3/avr5\libgcc.a(_clear_bss.o)
                0x00000060                __do_clear_bss
 *(.init4)
 *(.init5)
 *(.init5)
 *(.init6)
 *(.init6)
 *(.init7)
 *(.init7)
 *(.init8)
 *(.init8)
 *(.init9)
 .init9         0x00000070        0x8 d:/diploma/imt_sdk_win_64/imt_sdk_win_64/winavr/bin/../lib/gcc/avr/4.3.3/../../../../avr/lib/avr5/crtm32.o
 *(.init9)
 *(.text)
 .text          0x00000078        0x4 d:/diploma/imt_sdk_win_64/imt_sdk_win_64/winavr/bin/../lib/gcc/avr/4.3.3/../../../../avr/lib/avr5/crtm32.o
                0x00000078                __vector_1
                0x00000078                __vector_12
                0x00000078                __bad_interrupt
                0x00000078                __vector_6
                0x00000078                __vector_3
                0x00000078                __vector_13
                0x00000078                __vector_17
                0x00000078                __vector_19
                0x00000078                __vector_7
                0x00000078                __vector_5
                0x00000078                __vector_4
                0x00000078                __vector_9
                0x00000078                __vector_2
                0x00000078                __vector_15
                0x00000078                __vector_8
                0x00000078                __vector_14
                0x00000078                __vector_18
                0x00000078                __vector_20
 .text          0x0000007c        0x0 ./Src/main.o
 .text          0x0000007c        0x0 ./MCAL/TIMER/TIMER_Program.o
 .text          0x0000007c        0x0 ./MCAL/GIE/GIE_Program.o
 .text          0x0000007c        0x0 ./MCAL/EXTI/EXTI_Program.o
 .text          0x0000007c        0x0 ./MCAL/DIO/DIO_Program.o
 .text          0x0000007c        0x0 ./MCAL/ADC/ADC_Program.o
 .text          0x0000007c        0x0 d:/diploma/imt_sdk_win_64/imt_sdk_win_64/winavr/bin/../lib/gcc/avr/4.3.3/avr5\libgcc.a(_exit.o)
 .text          0x0000007c        0x0 d:/diploma/imt_sdk_win_64/imt_sdk_win_64/winavr/bin/../lib/gcc/avr/4.3.3/avr5\libgcc.a(_clear_bss.o)
                0x0000007c                . = ALIGN (0x2)
 *(.text.*)
 .text.ToggleLED
                0x0000007c       0x18 ./Src/main.o
                0x0000007c                ToggleLED
 .text.main     0x00000094       0x30 ./Src/main.o
                0x00000094                main
 .text.TIMER0_vInit
                0x000000c4       0x46 ./MCAL/TIMER/TIMER_Program.o
                0x000000c4                TIMER0_vInit
 .text.TIMER0_u8SetOVFCallBack
                0x0000010a       0x3a ./MCAL/TIMER/TIMER_Program.o
                0x0000010a                TIMER0_u8SetOVFCallBack
 .text.__vector_10
                0x00000144       0x5a ./MCAL/TIMER/TIMER_Program.o
                0x00000144                __vector_10
 .text.__vector_11
                0x0000019e       0x5a ./MCAL/TIMER/TIMER_Program.o
                0x0000019e                __vector_11
 .text.TIMER0_vSetTimerValue
                0x000001f8       0x1c ./MCAL/TIMER/TIMER_Program.o
                0x000001f8                TIMER0_vSetTimerValue
 .text.TIMER0_vCTCTimerValue
                0x00000214       0x1c ./MCAL/TIMER/TIMER_Program.o
                0x00000214                TIMER0_vCTCTimerValue
 .text.TIMER0_vOVFIntEnableDisable
                0x00000230       0x38 ./MCAL/TIMER/TIMER_Program.o
                0x00000230                TIMER0_vOVFIntEnableDisable
 .text.TIMER0_vCTCIntEnableDisable
                0x00000268       0x38 ./MCAL/TIMER/TIMER_Program.o
                0x00000268                TIMER0_vCTCIntEnableDisable
 .text.TIMER0_u8SetCTCCallBack
                0x000002a0       0x3c ./MCAL/TIMER/TIMER_Program.o
                0x000002a0                TIMER0_u8SetCTCCallBack
 .text.GIE_Enable
                0x000002dc       0x1c ./MCAL/GIE/GIE_Program.o
                0x000002dc                GIE_Enable
 .text.GIE_Disable
                0x000002f8       0x1c ./MCAL/GIE/GIE_Program.o
                0x000002f8                GIE_Disable
 .text.EXTI_EnableDisable
                0x00000314       0xc8 ./MCAL/EXTI/EXTI_Program.o
                0x00000314                EXTI_EnableDisable
 .text.EXTI_SetSenstivity
                0x000003dc      0x200 ./MCAL/EXTI/EXTI_Program.o
                0x000003dc                EXTI_SetSenstivity
 .text.MDIO_vSetPinDir
                0x000005dc      0x246 ./MCAL/DIO/DIO_Program.o
                0x000005dc                MDIO_vSetPinDir
 .text.MDIO_vSetPinVal
                0x00000822      0x246 ./MCAL/DIO/DIO_Program.o
                0x00000822                MDIO_vSetPinVal
 .text.MDIO_GetPinVal
                0x00000a68      0x102 ./MCAL/DIO/DIO_Program.o
                0x00000a68                MDIO_GetPinVal
 .text.MDIO_vTogglePinVal
                0x00000b6a      0x10a ./MCAL/DIO/DIO_Program.o
                0x00000b6a                MDIO_vTogglePinVal
 .text.MDIO_vSetPortDir
                0x00000c74       0x88 ./MCAL/DIO/DIO_Program.o
                0x00000c74                MDIO_vSetPortDir
 .text.MDIO_vSetPortVal
                0x00000cfc       0x88 ./MCAL/DIO/DIO_Program.o
                0x00000cfc                MDIO_vSetPortVal
 .text.MDIO_vInit
                0x00000d84       0x44 ./MCAL/DIO/DIO_Program.o
                0x00000d84                MDIO_vInit
 .text.ADC_Init
                0x00000dc8       0x70 ./MCAL/ADC/ADC_Program.o
                0x00000dc8                ADC_Init
 .text.ADC_StartConvertPolling
                0x00000e38       0x7e ./MCAL/ADC/ADC_Program.o
                0x00000e38                ADC_StartConvertPolling
 .text.ADC_StartConvertInt
                0x00000eb6       0x94 ./MCAL/ADC/ADC_Program.o
                0x00000eb6                ADC_StartConvertInt
 .text.__vector_16
                0x00000f4a       0x80 ./MCAL/ADC/ADC_Program.o
                0x00000f4a                __vector_16
 .text.libgcc   0x00000fca        0x0 d:/diploma/imt_sdk_win_64/imt_sdk_win_64/winavr/bin/../lib/gcc/avr/4.3.3/avr5\libgcc.a(_exit.o)
 .text.libgcc   0x00000fca        0x0 d:/diploma/imt_sdk_win_64/imt_sdk_win_64/winavr/bin/../lib/gcc/avr/4.3.3/avr5\libgcc.a(_clear_bss.o)
                0x00000fca                . = ALIGN (0x2)
 *(.fini9)
 .fini9         0x00000fca        0x0 d:/diploma/imt_sdk_win_64/imt_sdk_win_64/winavr/bin/../lib/gcc/avr/4.3.3/avr5\libgcc.a(_exit.o)
                0x00000fca                exit
                0x00000fca                _exit
 *(.fini9)
 *(.fini8)
 *(.fini8)
 *(.fini7)
 *(.fini7)
 *(.fini6)
 *(.fini6)
 *(.fini5)
 *(.fini5)
 *(.fini4)
 *(.fini4)
 *(.fini3)
 *(.fini3)
 *(.fini2)
 *(.fini2)
 *(.fini1)
 *(.fini1)
 *(.fini0)
 .fini0         0x00000fca        0x4 d:/diploma/imt_sdk_win_64/imt_sdk_win_64/winavr/bin/../lib/gcc/avr/4.3.3/avr5\libgcc.a(_exit.o)
 *(.fini0)
                0x00000fce                _etext = .

.data           0x00800060        0x0 load address 0x00000fce
                0x00800060                PROVIDE (__data_start, .)
 *(.data)
 .data          0x00800060        0x0 d:/diploma/imt_sdk_win_64/imt_sdk_win_64/winavr/bin/../lib/gcc/avr/4.3.3/../../../../avr/lib/avr5/crtm32.o
 .data          0x00800060        0x0 ./Src/main.o
 .data          0x00800060        0x0 ./MCAL/TIMER/TIMER_Program.o
 .data          0x00800060        0x0 ./MCAL/GIE/GIE_Program.o
 .data          0x00800060        0x0 ./MCAL/EXTI/EXTI_Program.o
 .data          0x00800060        0x0 ./MCAL/DIO/DIO_Program.o
 .data          0x00800060        0x0 ./MCAL/ADC/ADC_Program.o
 .data          0x00800060        0x0 d:/diploma/imt_sdk_win_64/imt_sdk_win_64/winavr/bin/../lib/gcc/avr/4.3.3/avr5\libgcc.a(_exit.o)
 .data          0x00800060        0x0 d:/diploma/imt_sdk_win_64/imt_sdk_win_64/winavr/bin/../lib/gcc/avr/4.3.3/avr5\libgcc.a(_clear_bss.o)
 *(.data*)
 *(.rodata)
 *(.rodata*)
 *(.gnu.linkonce.d*)
                0x00800060                . = ALIGN (0x2)
                0x00800060                _edata = .
                0x00800060                PROVIDE (__data_end, .)

.bss            0x00800060        0xa
                0x00800060                PROVIDE (__bss_start, .)
 *(.bss)
 .bss           0x00800060        0x0 d:/diploma/imt_sdk_win_64/imt_sdk_win_64/winavr/bin/../lib/gcc/avr/4.3.3/../../../../avr/lib/avr5/crtm32.o
 .bss           0x00800060        0x0 ./Src/main.o
 .bss           0x00800060        0x0 ./MCAL/TIMER/TIMER_Program.o
 .bss           0x00800060        0x0 ./MCAL/GIE/GIE_Program.o
 .bss           0x00800060        0x0 ./MCAL/EXTI/EXTI_Program.o
 .bss           0x00800060        0x0 ./MCAL/DIO/DIO_Program.o
 .bss           0x00800060        0x0 ./MCAL/ADC/ADC_Program.o
 .bss           0x00800060        0x0 d:/diploma/imt_sdk_win_64/imt_sdk_win_64/winavr/bin/../lib/gcc/avr/4.3.3/avr5\libgcc.a(_exit.o)
 .bss           0x00800060        0x0 d:/diploma/imt_sdk_win_64/imt_sdk_win_64/winavr/bin/../lib/gcc/avr/4.3.3/avr5\libgcc.a(_clear_bss.o)
 *(.bss*)
 .bss.counter.1365
                0x00800060        0x1 ./Src/main.o
 .bss.Global_pvOVFIntFunc
                0x00800061        0x2 ./MCAL/TIMER/TIMER_Program.o
 .bss.Global_pvCTCIntFunc
                0x00800063        0x2 ./MCAL/TIMER/TIMER_Program.o
 .bss.Global_ptr
                0x00800065        0x2 ./MCAL/ADC/ADC_Program.o
 .bss.GlobalPtrFunc
                0x00800067        0x2 ./MCAL/ADC/ADC_Program.o
 .bss.ADC_STATE
                0x00800069        0x1 ./MCAL/ADC/ADC_Program.o
 *(COMMON)
                0x0080006a                PROVIDE (__bss_end, .)
                0x00000fce                __data_load_start = LOADADDR (.data)
                0x00000fce                __data_load_end = (__data_load_start + SIZEOF (.data))

.noinit         0x0080006a        0x0
                0x0080006a                PROVIDE (__noinit_start, .)
 *(.noinit*)
                0x0080006a                PROVIDE (__noinit_end, .)
                0x0080006a                _end = .
                0x0080006a                PROVIDE (__heap_start, .)

.eeprom         0x00810000        0x0
 *(.eeprom*)
                0x00810000                __eeprom_end = .

.fuse
 *(.fuse)
 *(.lfuse)
 *(.hfuse)
 *(.efuse)

.lock
 *(.lock*)

.signature
 *(.signature*)

.stab           0x00000000     0x1824
 *(.stab)
 .stab          0x00000000      0x51c ./Src/main.o
 .stab          0x0000051c      0x420 ./MCAL/TIMER/TIMER_Program.o
                                0x564 (size before relaxing)
 .stab          0x0000093c      0x180 ./MCAL/GIE/GIE_Program.o
                                0x27c (size before relaxing)
 .stab          0x00000abc      0x36c ./MCAL/EXTI/EXTI_Program.o
                                0x468 (size before relaxing)
 .stab          0x00000e28      0x684 ./MCAL/DIO/DIO_Program.o
                                0x690 (size before relaxing)
 .stab          0x000014ac      0x378 ./MCAL/ADC/ADC_Program.o
                                0x408 (size before relaxing)

.stabstr        0x00000000     0x12ce
 *(.stabstr)
 .stabstr       0x00000000     0x12ce ./Src/main.o

.stab.excl
 *(.stab.excl)

.stab.exclstr
 *(.stab.exclstr)

.stab.index
 *(.stab.index)

.stab.indexstr
 *(.stab.indexstr)

.comment
 *(.comment)

.debug
 *(.debug)

.line
 *(.line)

.debug_srcinfo
 *(.debug_srcinfo)

.debug_sfnames
 *(.debug_sfnames)

.debug_aranges
 *(.debug_aranges)

.debug_pubnames
 *(.debug_pubnames)

.debug_info
 *(.debug_info)
 *(.gnu.linkonce.wi.*)

.debug_abbrev
 *(.debug_abbrev)

.debug_line
 *(.debug_line)

.debug_frame
 *(.debug_frame)

.debug_str
 *(.debug_str)

.debug_loc
 *(.debug_loc)

.debug_macinfo
 *(.debug_macinfo)
OUTPUT(ITI_Day16.elf elf32-avr)
LOAD linker stubs
